500 tasks (0 cached), 10 workers; methods ['mc', 'adam', 'gn', 'huber'], optimizers on the first 20 directions
/Users/sfli/Research/IceNine/icenine_py/icenine/experiment_setup.py:293: UserWarning: Step size file reading not yet implemented: ConfigFiles/Optimization.2Det
  self.optimization_info = self._read_step_size_file(
/Users/sfli/Research/IceNine/icenine_py/icenine/experiment_setup.py:298: UserWarning: Step size file reading not yet implemented: ConfigFiles/Sensitivity.2Det
  self.detection_sensitivity = self._read_step_size_file(
/Users/sfli/Research/IceNine/icenine_py/icenine/experiment_setup.py:303: UserWarning: Step size file reading not yet implemented: ConfigFiles/Constrain.2L
  self.optimization_constrains = self._read_step_size_file(
/Users/sfli/Research/IceNine/icenine_py/icenine/experiment_setup.py:502: UserWarning: Gimbal lock detected. Setting third angle to zero since it is not possible to uniquely determine all angles.
  sample.rotate(
/Users/sfli/Research/IceNine/icenine_py/icenine/experiment_setup.py:293: UserWarning: Step size file reading not yet implemented: ConfigFiles/Optimization.2Det
  self.optimization_info = self._read_step_size_file(
/Users/sfli/Research/IceNine/icenine_py/icenine/experiment_setup.py:298: UserWarning: Step size file reading not yet implemented: ConfigFiles/Sensitivity.2Det
  self.detection_sensitivity = self._read_step_size_file(
/Users/sfli/Research/IceNine/icenine_py/icenine/experiment_setup.py:303: UserWarning: Step size file reading not yet implemented: ConfigFiles/Constrain.2L
  self.optimization_constrains = self._read_step_size_file(
/Users/sfli/Research/IceNine/icenine_py/icenine/experiment_setup.py:502: UserWarning: Gimbal lock detected. Setting third angle to zero since it is not possible to uniquely determine all angles.
  sample.rotate(
/Users/sfli/Research/IceNine/icenine_py/icenine/experiment_setup.py:293: UserWarning: Step size file reading not yet implemented: ConfigFiles/Optimization.2Det
  self.optimization_info = self._read_step_size_file(
/Users/sfli/Research/IceNine/icenine_py/icenine/experiment_setup.py:298: UserWarning: Step size file reading not yet implemented: ConfigFiles/Sensitivity.2Det
  self.detection_sensitivity = self._read_step_size_file(
/Users/sfli/Research/IceNine/icenine_py/icenine/experiment_setup.py:303: UserWarning: Step size file reading not yet implemented: ConfigFiles/Constrain.2L
  self.optimization_constrains = self._read_step_size_file(
/Users/sfli/Research/IceNine/icenine_py/icenine/experiment_setup.py:502: UserWarning: Gimbal lock detected. Setting third angle to zero since it is not possible to uniquely determine all angles.
  sample.rotate(
/Users/sfli/Research/IceNine/icenine_py/icenine/experiment_setup.py:293: UserWarning: Step size file reading not yet implemented: ConfigFiles/Optimization.2Det
  self.optimization_info = self._read_step_size_file(
/Users/sfli/Research/IceNine/icenine_py/icenine/experiment_setup.py:298: UserWarning: Step size file reading not yet implemented: ConfigFiles/Sensitivity.2Det
  self.detection_sensitivity = self._read_step_size_file(
/Users/sfli/Research/IceNine/icenine_py/icenine/experiment_setup.py:303: UserWarning: Step size file reading not yet implemented: ConfigFiles/Constrain.2L
  self.optimization_constrains = self._read_step_size_file(
/Users/sfli/Research/IceNine/icenine_py/icenine/experiment_setup.py:502: UserWarning: Gimbal lock detected. Setting third angle to zero since it is not possible to uniquely determine all angles.
  sample.rotate(
/Users/sfli/Research/IceNine/icenine_py/icenine/experiment_setup.py:293: UserWarning: Step size file reading not yet implemented: ConfigFiles/Optimization.2Det
  self.optimization_info = self._read_step_size_file(
/Users/sfli/Research/IceNine/icenine_py/icenine/experiment_setup.py:298: UserWarning: Step size file reading not yet implemented: ConfigFiles/Sensitivity.2Det
  self.detection_sensitivity = self._read_step_size_file(
/Users/sfli/Research/IceNine/icenine_py/icenine/experiment_setup.py:303: UserWarning: Step size file reading not yet implemented: ConfigFiles/Constrain.2L
  self.optimization_constrains = self._read_step_size_file(
/Users/sfli/Research/IceNine/icenine_py/icenine/experiment_setup.py:502: UserWarning: Gimbal lock detected. Setting third angle to zero since it is not possible to uniquely determine all angles.
  sample.rotate(
/Users/sfli/Research/IceNine/icenine_py/icenine/experiment_setup.py:293: UserWarning: Step size file reading not yet implemented: ConfigFiles/Optimization.2Det
  self.optimization_info = self._read_step_size_file(
/Users/sfli/Research/IceNine/icenine_py/icenine/experiment_setup.py:298: UserWarning: Step size file reading not yet implemented: ConfigFiles/Sensitivity.2Det
  self.detection_sensitivity = self._read_step_size_file(
/Users/sfli/Research/IceNine/icenine_py/icenine/experiment_setup.py:303: UserWarning: Step size file reading not yet implemented: ConfigFiles/Constrain.2L
  self.optimization_constrains = self._read_step_size_file(
/Users/sfli/Research/IceNine/icenine_py/icenine/experiment_setup.py:502: UserWarning: Gimbal lock detected. Setting third angle to zero since it is not possible to uniquely determine all angles.
  sample.rotate(
/Users/sfli/Research/IceNine/icenine_py/icenine/experiment_setup.py:293: UserWarning: Step size file reading not yet implemented: ConfigFiles/Optimization.2Det
  self.optimization_info = self._read_step_size_file(
/Users/sfli/Research/IceNine/icenine_py/icenine/experiment_setup.py:298: UserWarning: Step size file reading not yet implemented: ConfigFiles/Sensitivity.2Det
  self.detection_sensitivity = self._read_step_size_file(
/Users/sfli/Research/IceNine/icenine_py/icenine/experiment_setup.py:303: UserWarning: Step size file reading not yet implemented: ConfigFiles/Constrain.2L
  self.optimization_constrains = self._read_step_size_file(
/Users/sfli/Research/IceNine/icenine_py/icenine/experiment_setup.py:502: UserWarning: Gimbal lock detected. Setting third angle to zero since it is not possible to uniquely determine all angles.
  sample.rotate(
/Users/sfli/Research/IceNine/icenine_py/icenine/experiment_setup.py:293: UserWarning: Step size file reading not yet implemented: ConfigFiles/Optimization.2Det
  self.optimization_info = self._read_step_size_file(
/Users/sfli/Research/IceNine/icenine_py/icenine/experiment_setup.py:298: UserWarning: Step size file reading not yet implemented: ConfigFiles/Sensitivity.2Det
  self.detection_sensitivity = self._read_step_size_file(
/Users/sfli/Research/IceNine/icenine_py/icenine/experiment_setup.py:303: UserWarning: Step size file reading not yet implemented: ConfigFiles/Constrain.2L
  self.optimization_constrains = self._read_step_size_file(
/Users/sfli/Research/IceNine/icenine_py/icenine/experiment_setup.py:502: UserWarning: Gimbal lock detected. Setting third angle to zero since it is not possible to uniquely determine all angles.
  sample.rotate(
/Users/sfli/Research/IceNine/icenine_py/icenine/experiment_setup.py:293: UserWarning: Step size file reading not yet implemented: ConfigFiles/Optimization.2Det
  self.optimization_info = self._read_step_size_file(
/Users/sfli/Research/IceNine/icenine_py/icenine/experiment_setup.py:298: UserWarning: Step size file reading not yet implemented: ConfigFiles/Sensitivity.2Det
  self.detection_sensitivity = self._read_step_size_file(
/Users/sfli/Research/IceNine/icenine_py/icenine/experiment_setup.py:303: UserWarning: Step size file reading not yet implemented: ConfigFiles/Constrain.2L
  self.optimization_constrains = self._read_step_size_file(
/Users/sfli/Research/IceNine/icenine_py/icenine/experiment_setup.py:502: UserWarning: Gimbal lock detected. Setting third angle to zero since it is not possible to uniquely determine all angles.
  sample.rotate(
/Users/sfli/Research/IceNine/icenine_py/icenine/experiment_setup.py:293: UserWarning: Step size file reading not yet implemented: ConfigFiles/Optimization.2Det
  self.optimization_info = self._read_step_size_file(
/Users/sfli/Research/IceNine/icenine_py/icenine/experiment_setup.py:298: UserWarning: Step size file reading not yet implemented: ConfigFiles/Sensitivity.2Det
  self.detection_sensitivity = self._read_step_size_file(
/Users/sfli/Research/IceNine/icenine_py/icenine/experiment_setup.py:303: UserWarning: Step size file reading not yet implemented: ConfigFiles/Constrain.2L
  self.optimization_constrains = self._read_step_size_file(
/Users/sfli/Research/IceNine/icenine_py/icenine/experiment_setup.py:502: UserWarning: Gimbal lock detected. Setting third angle to zero since it is not possible to uniquely determine all angles.
  sample.rotate(
  [1/500] voxel 7336 r#9 done in 112s (115s total)
  [2/500] voxel 7336 r#7 done in 113s (115s total)
  [3/500] voxel 7336 r#0 done in 119s (121s total)
  [4/500] voxel 7336 r#4 done in 120s (123s total)
  [5/500] voxel 7336 r#1 done in 124s (127s total)
  [6/500] voxel 7336 r#5 done in 126s (128s total)
  [7/500] voxel 7336 r#2 done in 127s (129s total)
  [8/500] voxel 7336 r#6 done in 127s (129s total)
  [9/500] voxel 7336 r#8 done in 128s (130s total)
  [10/500] voxel 7336 r#3 done in 130s (132s total)
  [11/500] voxel 3108 r#1 done in 127s (242s total)
  [12/500] voxel 3108 r#9 done in 112s (244s total)
  [13/500] voxel 3108 r#6 done in 117s (247s total)
  [14/500] voxel 3108 r#2 done in 128s (249s total)
  [15/500] voxel 3108 r#0 done in 134s (249s total)
  [16/500] voxel 3108 r#7 done in 121s (251s total)
  [17/500] voxel 3108 r#3 done in 128s (251s total)
  [18/500] voxel 3108 r#5 done in 123s (252s total)
  [19/500] voxel 3108 r#4 done in 128s (254s total)
  [20/500] voxel 3108 r#8 done in 135s (265s total)
  [21/500] voxel 2910 r#0 done in 126s (369s total)
  [22/500] voxel 2910 r#7 done in 121s (373s total)
  [23/500] voxel 2910 r#2 done in 127s (373s total)
  [24/500] voxel 2910 r#3 done in 127s (376s total)
  [25/500] voxel 2910 r#1 done in 132s (376s total)
  [26/500] voxel 2910 r#8 done in 123s (377s total)
  [27/500] voxel 2910 r#5 done in 126s (377s total)
  [28/500] voxel 2910 r#4 done in 129s (378s total)
  [29/500] voxel 2910 r#6 done in 127s (378s total)
  [30/500] voxel 2910 r#9 done in 115s (379s total)
  [31/500] voxel 16182 r#1 done in 117s (490s total)
  [32/500] voxel 16182 r#0 done in 122s (490s total)
  [33/500] voxel 16182 r#9 done in 113s (492s total)
  [34/500] voxel 16182 r#3 done in 117s (493s total)
  [35/500] voxel 16182 r#2 done in 120s (493s total)
  [36/500] voxel 16182 r#7 done in 116s (494s total)
  [37/500] voxel 16182 r#8 done in 121s (498s total)
  [38/500] voxel 16182 r#5 done in 122s (499s total)
  [39/500] voxel 16182 r#6 done in 122s (499s total)
  [40/500] voxel 16182 r#4 done in 126s (502s total)
  [41/500] voxel 16269 r#1 done in 119s (610s total)
  [42/500] voxel 16269 r#0 done in 122s (612s total)
  [43/500] voxel 16269 r#9 done in 113s (615s total)
  [44/500] voxel 16269 r#8 done in 116s (615s total)
  [45/500] voxel 16269 r#3 done in 124s (616s total)
  [46/500] voxel 16269 r#4 done in 124s (617s total)
  [47/500] voxel 16269 r#7 done in 119s (618s total)
  [48/500] voxel 16269 r#2 done in 128s (620s total)
  [49/500] voxel 16269 r#5 done in 127s (621s total)
  [50/500] voxel 16269 r#6 done in 123s (621s total)
  [51/500] voxel 21356 r#9 done in 109s (730s total)
  [52/500] voxel 21356 r#0 done in 124s (733s total)
  [53/500] voxel 21356 r#1 done in 124s (737s total)
  [54/500] voxel 21356 r#3 done in 124s (739s total)
  [55/500] voxel 21356 r#4 done in 124s (740s total)
  [56/500] voxel 21356 r#6 done in 123s (741s total)
  [57/500] voxel 21356 r#8 done in 120s (741s total)
  [58/500] voxel 21356 r#5 done in 125s (742s total)
  [59/500] voxel 21356 r#2 done in 128s (743s total)
  [60/500] voxel 21356 r#7 done in 123s (743s total)
  [61/500] voxel 20406 r#0 done in 125s (855s total)
  [62/500] voxel 20406 r#1 done in 124s (857s total)
  [63/500] voxel 20406 r#2 done in 122s (858s total)
  [64/500] voxel 20406 r#9 done in 116s (859s total)
  [65/500] voxel 20406 r#3 done in 125s (864s total)
  [66/500] voxel 20406 r#8 done in 122s (865s total)
  [67/500] voxel 20406 r#5 done in 125s (865s total)
  [68/500] voxel 20406 r#4 done in 125s (865s total)
  [69/500] voxel 20406 r#7 done in 124s (866s total)
  [70/500] voxel 20406 r#6 done in 131s (872s total)
  [71/500] voxel 20206 r#0 done in 124s (979s total)
  [72/500] voxel 20206 r#7 done in 116s (982s total)
  [73/500] voxel 20206 r#1 done in 125s (983s total)
  [74/500] voxel 20206 r#2 done in 124s (983s total)
  [75/500] voxel 20206 r#8 done in 117s (983s total)
  [76/500] voxel 20206 r#6 done in 124s (989s total)
  [77/500] voxel 20206 r#4 done in 125s (989s total)
  [78/500] voxel 20206 r#3 done in 131s (990s total)
  [79/500] voxel 20206 r#9 done in 120s (992s total)
  [80/500] voxel 20206 r#5 done in 128s (993s total)
  [81/500] voxel 3142 r#9 done in 107s (1100s total)
  [82/500] voxel 3142 r#0 done in 121s (1100s total)
  [83/500] voxel 3142 r#4 done in 122s (1105s total)
  [84/500] voxel 3142 r#1 done in 124s (1105s total)
  [85/500] voxel 3142 r#2 done in 123s (1106s total)
  [86/500] voxel 3142 r#3 done in 124s (1107s total)
  [87/500] voxel 3142 r#6 done in 123s (1112s total)
  [88/500] voxel 3142 r#5 done in 125s (1114s total)
  [89/500] voxel 3142 r#8 done in 124s (1116s total)
  [90/500] voxel 3142 r#7 done in 130s (1120s total)
  [91/500] voxel 20480 r#1 done in 124s (1225s total)
  [92/500] voxel 20480 r#0 done in 126s (1226s total)
  [93/500] voxel 20480 r#2 done in 124s (1229s total)
  [94/500] voxel 20480 r#3 done in 124s (1230s total)
  [95/500] voxel 20480 r#4 done in 124s (1230s total)
  [96/500] voxel 20480 r#5 done in 124s (1231s total)
  [97/500] voxel 20480 r#6 done in 121s (1233s total)
  [98/500] voxel 20480 r#9 done in 114s (1233s total)
  [99/500] voxel 20480 r#7 done in 123s (1237s total)
  [100/500] voxel 20480 r#8 done in 130s (1246s total)
  [101/500] voxel 2177 r#0 done in 123s (1347s total)
  [102/500] voxel 2177 r#2 done in 120s (1349s total)
  [103/500] voxel 2177 r#1 done in 127s (1353s total)
  [104/500] voxel 2177 r#4 done in 123s (1353s total)
  [105/500] voxel 2177 r#5 done in 123s (1354s total)
  [106/500] voxel 2177 r#3 done in 124s (1354s total)
  [107/500] voxel 2177 r#6 done in 121s (1354s total)
  [108/500] voxel 2177 r#7 done in 122s (1355s total)
  [109/500] voxel 2177 r#9 done in 110s (1356s total)
  [110/500] voxel 2177 r#8 done in 120s (1357s total)
  [111/500] voxel 13884 r#0 done in 123s (1470s total)
  [112/500] voxel 13884 r#4 done in 118s (1471s total)
  [113/500] voxel 13884 r#9 done in 115s (1472s total)
  [114/500] voxel 13884 r#1 done in 124s (1473s total)
  [115/500] voxel 13884 r#3 done in 123s (1476s total)
  [116/500] voxel 13884 r#6 done in 122s (1476s total)
  [117/500] voxel 13884 r#8 done in 121s (1477s total)
  [118/500] voxel 13884 r#5 done in 123s (1477s total)
  [119/500] voxel 13884 r#2 done in 127s (1480s total)
  [120/500] voxel 13884 r#7 done in 130s (1485s total)
  [121/500] voxel 10531 r#3 done in 120s (1593s total)
  [122/500] voxel 10531 r#0 done in 125s (1596s total)
  [123/500] voxel 10531 r#1 done in 125s (1596s total)
  [124/500] voxel 10531 r#2 done in 125s (1597s total)
  [125/500] voxel 10531 r#8 done in 121s (1600s total)
  [126/500] voxel 10531 r#6 done in 123s (1600s total)
  [127/500] voxel 10531 r#4 done in 125s (1601s total)
  [128/500] voxel 10531 r#7 done in 125s (1602s total)
  [129/500] voxel 10531 r#5 done in 126s (1602s total)
  [130/500] voxel 10531 r#9 done in 119s (1605s total)
  [131/500] voxel 16905 r#9 done in 108s (1712s total)
  [132/500] voxel 16905 r#0 done in 124s (1717s total)
  [133/500] voxel 16905 r#1 done in 123s (1719s total)
  [134/500] voxel 16905 r#2 done in 124s (1720s total)
  [135/500] voxel 16905 r#3 done in 123s (1720s total)
  [136/500] voxel 16905 r#4 done in 121s (1721s total)
  [137/500] voxel 16905 r#6 done in 124s (1724s total)
  [138/500] voxel 16905 r#8 done in 125s (1727s total)
  [139/500] voxel 16905 r#7 done in 125s (1727s total)
  [140/500] voxel 16905 r#5 done in 129s (1729s total)
  [141/500] voxel 17451 r#1 done in 125s (1842s total)
  [142/500] voxel 17451 r#2 done in 123s (1842s total)
  [143/500] voxel 17451 r#0 done in 130s (1843s total)
  [144/500] voxel 17451 r#3 done in 125s (1845s total)
  [145/500] voxel 17451 r#4 done in 126s (1846s total)
  [146/500] voxel 17451 r#7 done in 119s (1846s total)
  [147/500] voxel 17451 r#5 done in 128s (1849s total)
  [148/500] voxel 17451 r#6 done in 125s (1849s total)
  [149/500] voxel 17451 r#8 done in 126s (1853s total)
  [150/500] voxel 17451 r#9 done in 132s (1861s total)
  [151/500] voxel 24550 r#1 done in 126s (1968s total)
  [152/500] voxel 24550 r#0 done in 127s (1969s total)
  [153/500] voxel 24550 r#2 done in 128s (1971s total)
  [154/500] voxel 24550 r#3 done in 127s (1972s total)
  [155/500] voxel 24550 r#9 done in 111s (1973s total)
  [156/500] voxel 24550 r#4 done in 128s (1974s total)
  [157/500] voxel 24550 r#5 done in 128s (1974s total)
  [158/500] voxel 24550 r#6 done in 126s (1975s total)
  [159/500] voxel 24550 r#7 done in 127s (1976s total)
  [160/500] voxel 24550 r#8 done in 126s (1979s total)
  [161/500] voxel 1053 r#9 done in 101s (2080s total)
  [162/500] voxel 1053 r#1 done in 119s (2088s total)
  [163/500] voxel 1053 r#0 done in 120s (2088s total)
  [164/500] voxel 1053 r#6 done in 120s (2094s total)
  [165/500] voxel 1053 r#3 done in 124s (2096s total)
  [166/500] voxel 1053 r#2 done in 127s (2097s total)
  [167/500] voxel 1053 r#5 done in 124s (2098s total)
  [168/500] voxel 1053 r#4 done in 126s (2098s total)
  [169/500] voxel 1053 r#8 done in 125s (2101s total)
  [170/500] voxel 1053 r#7 done in 129s (2104s total)
  [171/500] voxel 14217 r#0 done in 126s (2206s total)
  [172/500] voxel 14217 r#2 done in 126s (2215s total)
  [173/500] voxel 14217 r#1 done in 127s (2215s total)
  [174/500] voxel 14217 r#3 done in 124s (2218s total)
  [175/500] voxel 14217 r#6 done in 123s (2221s total)
  [176/500] voxel 14217 r#4 done in 126s (2221s total)
  [177/500] voxel 14217 r#8 done in 125s (2226s total)
  [178/500] voxel 14217 r#5 done in 130s (2227s total)
  [179/500] voxel 14217 r#7 done in 129s (2227s total)
  [180/500] voxel 14217 r#9 done in 126s (2230s total)
  [181/500] voxel 18541 r#0 done in 123s (2330s total)
  [182/500] voxel 18541 r#1 done in 119s (2333s total)
  [183/500] voxel 18541 r#2 done in 124s (2339s total)
  [184/500] voxel 18541 r#3 done in 124s (2341s total)
  [185/500] voxel 18541 r#6 done in 117s (2343s total)
  [186/500] voxel 18541 r#7 done in 117s (2344s total)
  [187/500] voxel 18541 r#4 done in 123s (2344s total)
  [188/500] voxel 18541 r#5 done in 123s (2345s total)
  [189/500] voxel 18541 r#9 done in 121s (2351s total)
  [190/500] voxel 18541 r#8 done in 126s (2353s total)
  [191/500] voxel 3866 r#0 done in 127s (2457s total)
  [192/500] voxel 3866 r#1 done in 124s (2458s total)
  [193/500] voxel 3866 r#6 done in 119s (2463s total)
  [194/500] voxel 3866 r#2 done in 127s (2465s total)
  [195/500] voxel 3866 r#4 done in 124s (2467s total)
  [196/500] voxel 3866 r#3 done in 128s (2469s total)
  [197/500] voxel 3866 r#7 done in 127s (2472s total)
  [198/500] voxel 3866 r#5 done in 133s (2477s total)
  [199/500] voxel 3866 r#8 done in 129s (2480s total)
  [200/500] voxel 3866 r#9 done in 128s (2481s total)
  [201/500] voxel 2489 r#0 done in 126s (2582s total)
  [202/500] voxel 2489 r#1 done in 125s (2583s total)
  [203/500] voxel 2489 r#2 done in 120s (2584s total)
  [204/500] voxel 2489 r#3 done in 126s (2591s total)
  [205/500] voxel 2489 r#4 done in 126s (2593s total)
  [206/500] voxel 2489 r#5 done in 124s (2593s total)
  [207/500] voxel 2489 r#6 done in 126s (2599s total)
  [208/500] voxel 2489 r#9 done in 119s (2600s total)
  [209/500] voxel 2489 r#8 done in 122s (2602s total)
  [210/500] voxel 2489 r#7 done in 133s (2610s total)
  [211/500] voxel 9484 r#1 done in 122s (2705s total)
  [212/500] voxel 9484 r#0 done in 124s (2706s total)
  [213/500] voxel 9484 r#2 done in 125s (2708s total)
  [214/500] voxel 9484 r#4 done in 124s (2717s total)
  [215/500] voxel 9484 r#3 done in 126s (2717s total)
  [216/500] voxel 9484 r#9 done in 107s (2717s total)
  [217/500] voxel 9484 r#5 done in 125s (2719s total)
  [218/500] voxel 9484 r#6 done in 125s (2723s total)
  [219/500] voxel 9484 r#8 done in 124s (2725s total)
  [220/500] voxel 9484 r#7 done in 129s (2729s total)
  [221/500] voxel 7109 r#1 done in 124s (2830s total)
  [222/500] voxel 7109 r#0 done in 125s (2831s total)
  [223/500] voxel 7109 r#2 done in 127s (2835s total)
  [224/500] voxel 7109 r#7 done in 113s (2836s total)
  [225/500] voxel 7109 r#4 done in 124s (2841s total)
  [226/500] voxel 7109 r#6 done in 123s (2842s total)
  [227/500] voxel 7109 r#3 done in 125s (2842s total)
  [228/500] voxel 7109 r#5 done in 132s (2849s total)
  [229/500] voxel 7109 r#9 done in 122s (2851s total)
  [230/500] voxel 7109 r#8 done in 130s (2855s total)
  [231/500] voxel 970 r#0 done in 125s (2955s total)
  [232/500] voxel 970 r#1 done in 124s (2955s total)
  [233/500] voxel 970 r#3 done in 120s (2957s total)
  [234/500] voxel 970 r#2 done in 125s (2960s total)
  [235/500] voxel 970 r#6 done in 123s (2965s total)
  [236/500] voxel 970 r#4 done in 125s (2966s total)
  [237/500] voxel 970 r#5 done in 125s (2967s total)
  [238/500] voxel 970 r#9 done in 117s (2972s total)
  [239/500] voxel 970 r#8 done in 124s (2974s total)
  [240/500] voxel 970 r#7 done in 131s (2980s total)
  [241/500] voxel 19705 r#1 done in 128s (3082s total)
  [242/500] voxel 19705 r#0 done in 129s (3083s total)
  [243/500] voxel 19705 r#2 done in 128s (3085s total)
  [244/500] voxel 19705 r#3 done in 129s (3089s total)
  [245/500] voxel 19705 r#4 done in 126s (3091s total)
  [246/500] voxel 19705 r#5 done in 128s (3094s total)
  [247/500] voxel 19705 r#6 done in 128s (3095s total)
  [248/500] voxel 19705 r#9 done in 121s (3101s total)
  [249/500] voxel 19705 r#8 done in 130s (3104s total)
  [250/500] voxel 19705 r#7 done in 134s (3106s total)
  [251/500] voxel 9001 r#2 done in 118s (3203s total)
  [252/500] voxel 9001 r#0 done in 123s (3205s total)
  [253/500] voxel 9001 r#1 done in 124s (3207s total)
  [254/500] voxel 9001 r#3 done in 118s (3207s total)
  [255/500] voxel 9001 r#4 done in 123s (3214s total)
  [256/500] voxel 9001 r#6 done in 120s (3214s total)
  [257/500] voxel 9001 r#5 done in 123s (3217s total)
  [258/500] voxel 9001 r#9 done in 112s (3219s total)
  [259/500] voxel 9001 r#7 done in 128s (3228s total)
  [260/500] voxel 9001 r#8 done in 129s (3233s total)
  [261/500] voxel 13074 r#0 done in 114s (3318s total)
  [262/500] voxel 13074 r#9 done in 90s (3323s total)
  [263/500] voxel 13074 r#1 done in 122s (3327s total)
  [264/500] voxel 13074 r#2 done in 122s (3329s total)
  [265/500] voxel 13074 r#3 done in 122s (3330s total)
  [266/500] voxel 13074 r#6 done in 113s (3331s total)
  [267/500] voxel 13074 r#4 done in 121s (3335s total)
  [268/500] voxel 13074 r#5 done in 122s (3336s total)
  [269/500] voxel 13074 r#7 done in 123s (3341s total)
  [270/500] voxel 13074 r#8 done in 119s (3347s total)
  [271/500] voxel 12213 r#0 done in 123s (3441s total)
  [272/500] voxel 12213 r#2 done in 125s (3452s total)
  [273/500] voxel 12213 r#1 done in 131s (3454s total)
  [274/500] voxel 12213 r#3 done in 125s (3454s total)
  [275/500] voxel 12213 r#5 done in 124s (3454s total)
  [276/500] voxel 12213 r#4 done in 125s (3455s total)
  [277/500] voxel 12213 r#8 done in 114s (3456s total)
  [278/500] voxel 12213 r#6 done in 125s (3460s total)
  [279/500] voxel 12213 r#9 done in 114s (3461s total)
  [280/500] voxel 12213 r#7 done in 126s (3462s total)
  [281/500] voxel 14240 r#0 done in 123s (3564s total)
  [282/500] voxel 14240 r#9 done in 106s (3568s total)
  [283/500] voxel 14240 r#1 done in 123s (3575s total)
  [284/500] voxel 14240 r#5 done in 123s (3578s total)
  [285/500] voxel 14240 r#4 done in 125s (3579s total)
  [286/500] voxel 14240 r#3 done in 125s (3579s total)
  [287/500] voxel 14240 r#7 done in 122s (3582s total)
  [288/500] voxel 14240 r#8 done in 122s (3583s total)
  [289/500] voxel 14240 r#6 done in 127s (3583s total)
  [290/500] voxel 14240 r#2 done in 129s (3583s total)
  [291/500] voxel 121 r#0 done in 125s (3688s total)
  [292/500] voxel 121 r#9 done in 107s (3690s total)
  [293/500] voxel 121 r#1 done in 125s (3694s total)
  [294/500] voxel 121 r#2 done in 125s (3700s total)
  [295/500] voxel 121 r#8 done in 118s (3700s total)
  [296/500] voxel 121 r#3 done in 126s (3703s total)
  [297/500] voxel 121 r#6 done in 122s (3703s total)
  [298/500] voxel 121 r#4 done in 127s (3706s total)
  [299/500] voxel 121 r#5 done in 127s (3706s total)
  [300/500] voxel 121 r#7 done in 127s (3710s total)
  [301/500] voxel 13850 r#0 done in 124s (3812s total)
  [302/500] voxel 13850 r#2 done in 125s (3819s total)
  [303/500] voxel 13850 r#1 done in 130s (3820s total)
  [304/500] voxel 13850 r#4 done in 124s (3825s total)
  [305/500] voxel 13850 r#3 done in 125s (3825s total)
  [306/500] voxel 13850 r#6 done in 122s (3826s total)
  [307/500] voxel 13850 r#5 done in 122s (3826s total)
  [308/500] voxel 13850 r#7 done in 121s (3827s total)
  [309/500] voxel 13850 r#9 done in 118s (3828s total)
  [310/500] voxel 13850 r#8 done in 122s (3828s total)
  [311/500] voxel 2347 r#9 done in 107s (3935s total)
  [312/500] voxel 2347 r#0 done in 124s (3937s total)
  [313/500] voxel 2347 r#1 done in 125s (3944s total)
  [314/500] voxel 2347 r#4 done in 122s (3947s total)
  [315/500] voxel 2347 r#6 done in 121s (3947s total)
  [316/500] voxel 2347 r#7 done in 120s (3947s total)
  [317/500] voxel 2347 r#5 done in 123s (3949s total)
  [318/500] voxel 2347 r#2 done in 131s (3951s total)
  [319/500] voxel 2347 r#3 done in 130s (3955s total)
  [320/500] voxel 2347 r#8 done in 131s (3959s total)
  [321/500] voxel 9150 r#0 done in 120s (4055s total)
  [322/500] voxel 9150 r#1 done in 120s (4057s total)
  [323/500] voxel 9150 r#2 done in 117s (4061s total)
  [324/500] voxel 9150 r#3 done in 118s (4064s total)
  [325/500] voxel 9150 r#5 done in 119s (4066s total)
  [326/500] voxel 9150 r#4 done in 120s (4067s total)
  [327/500] voxel 9150 r#6 done in 118s (4067s total)
  [328/500] voxel 9150 r#7 done in 123s (4073s total)
  [329/500] voxel 9150 r#8 done in 124s (4079s total)
  [330/500] voxel 9150 r#9 done in 121s (4080s total)
  [331/500] voxel 5384 r#1 done in 119s (4176s total)
  [332/500] voxel 5384 r#0 done in 122s (4176s total)
  [333/500] voxel 5384 r#2 done in 122s (4183s total)
  [334/500] voxel 5384 r#6 done in 119s (4186s total)
  [335/500] voxel 5384 r#4 done in 121s (4187s total)
  [336/500] voxel 5384 r#9 done in 108s (4188s total)
  [337/500] voxel 5384 r#3 done in 124s (4188s total)
  [338/500] voxel 5384 r#5 done in 124s (4191s total)
  [339/500] voxel 5384 r#8 done in 124s (4203s total)
  [340/500] voxel 5384 r#7 done in 131s (4204s total)
  [341/500] voxel 19089 r#0 done in 125s (4300s total)
  [342/500] voxel 19089 r#1 done in 125s (4302s total)
  [343/500] voxel 19089 r#6 done in 118s (4307s total)
  [344/500] voxel 19089 r#3 done in 122s (4309s total)
  [345/500] voxel 19089 r#2 done in 126s (4309s total)
  [346/500] voxel 19089 r#4 done in 123s (4309s total)
  [347/500] voxel 19089 r#5 done in 128s (4316s total)
  [348/500] voxel 19089 r#7 done in 126s (4316s total)
  [349/500] voxel 19089 r#9 done in 115s (4319s total)
  [350/500] voxel 19089 r#8 done in 130s (4333s total)
  [351/500] voxel 21741 r#0 done in 120s (4420s total)
  [352/500] voxel 21741 r#2 done in 118s (4425s total)
  [353/500] voxel 21741 r#1 done in 126s (4427s total)
  [354/500] voxel 21741 r#9 done in 98s (4432s total)
  [355/500] voxel 21741 r#4 done in 124s (4433s total)
  [356/500] voxel 21741 r#3 done in 125s (4434s total)
  [357/500] voxel 21741 r#5 done in 126s (4435s total)
  [358/500] voxel 21741 r#7 done in 125s (4441s total)
  [359/500] voxel 21741 r#8 done in 125s (4444s total)
  [360/500] voxel 21741 r#6 done in 131s (4447s total)
  [361/500] voxel 7723 r#0 done in 122s (4542s total)
  [362/500] voxel 7723 r#1 done in 122s (4546s total)
  [363/500] voxel 7723 r#2 done in 123s (4550s total)
  [364/500] voxel 7723 r#6 done in 119s (4554s total)
  [365/500] voxel 7723 r#4 done in 122s (4555s total)
  [366/500] voxel 7723 r#5 done in 122s (4555s total)
  [367/500] voxel 7723 r#3 done in 125s (4556s total)
  [368/500] voxel 7723 r#9 done in 111s (4557s total)
  [369/500] voxel 7723 r#7 done in 123s (4564s total)
  [370/500] voxel 7723 r#8 done in 126s (4570s total)
  [371/500] voxel 9421 r#0 done in 122s (4665s total)
  [372/500] voxel 9421 r#1 done in 123s (4669s total)
  [373/500] voxel 9421 r#3 done in 115s (4670s total)
  [374/500] voxel 9421 r#2 done in 123s (4673s total)
  [375/500] voxel 9421 r#8 done in 110s (4674s total)
  [376/500] voxel 9421 r#4 done in 121s (4675s total)
  [377/500] voxel 9421 r#5 done in 123s (4678s total)
  [378/500] voxel 9421 r#9 done in 110s (4679s total)
  [379/500] voxel 9421 r#6 done in 128s (4684s total)
  [380/500] voxel 9421 r#7 done in 127s (4685s total)
  [381/500] voxel 24474 r#0 done in 125s (4790s total)
  [382/500] voxel 24474 r#1 done in 125s (4794s total)
  [383/500] voxel 24474 r#2 done in 125s (4794s total)
  [384/500] voxel 24474 r#3 done in 125s (4798s total)
  [385/500] voxel 24474 r#4 done in 126s (4799s total)
  [386/500] voxel 24474 r#5 done in 125s (4801s total)
  [387/500] voxel 24474 r#6 done in 125s (4802s total)
  [388/500] voxel 24474 r#9 done in 118s (4803s total)
  [389/500] voxel 24474 r#7 done in 127s (4806s total)
  [390/500] voxel 24474 r#8 done in 125s (4809s total)
  [391/500] voxel 8383 r#0 done in 125s (4915s total)
  [392/500] voxel 8383 r#1 done in 125s (4918s total)
  [393/500] voxel 8383 r#2 done in 130s (4925s total)
  [394/500] voxel 8383 r#3 done in 130s (4929s total)
  [395/500] voxel 8383 r#5 done in 128s (4929s total)
  [396/500] voxel 8383 r#4 done in 131s (4931s total)
  [397/500] voxel 8383 r#6 done in 130s (4932s total)
  [398/500] voxel 8383 r#9 done in 124s (4933s total)
  [399/500] voxel 8383 r#8 done in 129s (4935s total)
  [400/500] voxel 8383 r#7 done in 134s (4937s total)
  [401/500] voxel 12695 r#0 done in 124s (5039s total)
  [402/500] voxel 12695 r#9 done in 106s (5043s total)
  [403/500] voxel 12695 r#1 done in 127s (5045s total)
  [404/500] voxel 12695 r#2 done in 124s (5049s total)
  [405/500] voxel 12695 r#4 done in 125s (5054s total)
  [406/500] voxel 12695 r#5 done in 126s (5056s total)
  [407/500] voxel 12695 r#3 done in 128s (5057s total)
  [408/500] voxel 12695 r#8 done in 123s (5059s total)
  [409/500] voxel 12695 r#6 done in 127s (5060s total)
  [410/500] voxel 12695 r#7 done in 132s (5065s total)
  [411/500] voxel 11143 r#0 done in 122s (5161s total)
  [412/500] voxel 11143 r#2 done in 127s (5172s total)
  [413/500] voxel 11143 r#1 done in 130s (5173s total)
  [414/500] voxel 11143 r#3 done in 127s (5176s total)
  [415/500] voxel 11143 r#6 done in 121s (5177s total)
  [416/500] voxel 11143 r#9 done in 113s (5178s total)
  [417/500] voxel 11143 r#4 done in 127s (5181s total)
  [418/500] voxel 11143 r#8 done in 123s (5183s total)
  [419/500] voxel 11143 r#5 done in 128s (5184s total)
  [420/500] voxel 11143 r#7 done in 135s (5193s total)
  [421/500] voxel 17771 r#0 done in 127s (5288s total)
  [422/500] voxel 17771 r#1 done in 129s (5300s total)
  [423/500] voxel 17771 r#4 done in 127s (5304s total)
  [424/500] voxel 17771 r#3 done in 129s (5305s total)
  [425/500] voxel 17771 r#2 done in 135s (5308s total)
  [426/500] voxel 17771 r#6 done in 128s (5310s total)
  [427/500] voxel 17771 r#7 done in 127s (5310s total)
  [428/500] voxel 17771 r#5 done in 134s (5312s total)
  [429/500] voxel 17771 r#8 done in 129s (5313s total)
  [430/500] voxel 17771 r#9 done in 136s (5330s total)
  [431/500] voxel 2943 r#0 done in 133s (5421s total)
  [432/500] voxel 2943 r#1 done in 132s (5433s total)
  [433/500] voxel 2943 r#3 done in 132s (5437s total)
  [434/500] voxel 2943 r#2 done in 133s (5437s total)
  [435/500] voxel 2943 r#6 done in 128s (5438s total)
  [436/500] voxel 2943 r#5 done in 129s (5438s total)
  [437/500] voxel 2943 r#8 done in 127s (5440s total)
  [438/500] voxel 2943 r#7 done in 130s (5442s total)
  [439/500] voxel 2943 r#4 done in 139s (5447s total)
  [440/500] voxel 2943 r#9 done in 132s (5462s total)
  [441/500] voxel 8787 r#0 done in 133s (5553s total)
  [442/500] voxel 8787 r#1 done in 132s (5564s total)
  [443/500] voxel 8787 r#2 done in 130s (5567s total)
  [444/500] voxel 8787 r#5 done in 130s (5568s total)
  [445/500] voxel 8787 r#4 done in 131s (5569s total)
  [446/500] voxel 8787 r#3 done in 133s (5570s total)
  [447/500] voxel 8787 r#6 done in 130s (5571s total)
  [448/500] voxel 8787 r#7 done in 135s (5577s total)
  [449/500] voxel 8787 r#9 done in 118s (5580s total)
  [450/500] voxel 8787 r#8 done in 134s (5580s total)
  [451/500] voxel 3424 r#0 done in 132s (5685s total)
  [452/500] voxel 3424 r#1 done in 134s (5698s total)
  [453/500] voxel 3424 r#2 done in 135s (5702s total)
  [454/500] voxel 3424 r#3 done in 135s (5703s total)
  [455/500] voxel 3424 r#4 done in 134s (5703s total)
  [456/500] voxel 3424 r#5 done in 136s (5707s total)
  [457/500] voxel 3424 r#6 done in 137s (5707s total)
  [458/500] voxel 3424 r#9 done in 131s (5711s total)
  [459/500] voxel 3424 r#8 done in 139s (5718s total)
  [460/500] voxel 3424 r#7 done in 142s (5719s total)
  [461/500] voxel 14578 r#0 done in 133s (5818s total)
  [462/500] voxel 14578 r#1 done in 137s (5834s total)
  [463/500] voxel 14578 r#6 done in 127s (5835s total)
  [464/500] voxel 14578 r#2 done in 133s (5835s total)
  [465/500] voxel 14578 r#4 done in 133s (5836s total)
  [466/500] voxel 14578 r#5 done in 131s (5838s total)
  [467/500] voxel 14578 r#3 done in 137s (5839s total)
  [468/500] voxel 14578 r#9 done in 120s (5839s total)
  [469/500] voxel 14578 r#8 done in 126s (5844s total)
  [470/500] voxel 14578 r#7 done in 137s (5848s total)
  [471/500] voxel 21750 r#0 done in 119s (5937s total)
  [472/500] voxel 21750 r#3 done in 120s (5955s total)
  [473/500] voxel 21750 r#1 done in 122s (5956s total)
  [474/500] voxel 21750 r#2 done in 123s (5958s total)
  [475/500] voxel 21750 r#4 done in 124s (5961s total)
  [476/500] voxel 21750 r#5 done in 123s (5961s total)
  [477/500] voxel 21750 r#9 done in 113s (5962s total)
  [478/500] voxel 21750 r#6 done in 125s (5964s total)
  [479/500] voxel 21750 r#8 done in 122s (5966s total)
  [480/500] voxel 21750 r#7 done in 128s (5967s total)
  [481/500] voxel 19118 r#0 done in 125s (6062s total)
  [482/500] voxel 19118 r#2 done in 121s (6077s total)
  [483/500] voxel 19118 r#9 done in 111s (6078s total)
  [484/500] voxel 19118 r#1 done in 123s (6078s total)
  [485/500] voxel 19118 r#4 done in 119s (6079s total)
  [486/500] voxel 19118 r#3 done in 125s (6083s total)
  [487/500] voxel 19118 r#5 done in 126s (6087s total)
  [488/500] voxel 19118 r#7 done in 126s (6090s total)
  [489/500] voxel 19118 r#6 done in 130s (6092s total)
  [490/500] voxel 19118 r#8 done in 127s (6093s total)
  [491/500] voxel 11774 r#0 done in 123s (6185s total)
  [492/500] voxel 11774 r#1 done in 124s (6201s total)
  [493/500] voxel 11774 r#3 done in 124s (6203s total)
  [494/500] voxel 11774 r#4 done in 124s (6203s total)
  [495/500] voxel 11774 r#2 done in 128s (6206s total)
  [496/500] voxel 11774 r#5 done in 124s (6207s total)
  [497/500] voxel 11774 r#7 done in 117s (6207s total)
  [498/500] voxel 11774 r#6 done in 123s (6210s total)
  [499/500] voxel 11774 r#9 done in 123s (6215s total)
  [500/500] voxel 11774 r#8 done in 127s (6219s total)
Loaded crystal structure from DataFiles/copper.dat: CrystalStructure(Cu, a=3.6100Å, SG=225)
Max Q calculated: 24.7872 Å⁻¹
Loaded crystal structure from DataFiles/copper.dat: CrystalStructure(Cu, a=3.6100Å, SG=225)
Max Q calculated: 24.7872 Å⁻¹
Loaded crystal structure from DataFiles/copper.dat: CrystalStructure(Cu, a=3.6100Å, SG=225)
Max Q calculated: 24.7872 Å⁻¹
Loaded crystal structure from DataFiles/copper.dat: CrystalStructure(Cu, a=3.6100Å, SG=225)
Max Q calculated: 24.7872 Å⁻¹
Loaded crystal structure from DataFiles/copper.dat: CrystalStructure(Cu, a=3.6100Å, SG=225)
Max Q calculated: 24.7872 Å⁻¹
Loaded crystal structure from DataFiles/copper.dat: CrystalStructure(Cu, a=3.6100Å, SG=225)
Max Q calculated: 24.7872 Å⁻¹
Loaded crystal structure from DataFiles/copper.dat: CrystalStructure(Cu, a=3.6100Å, SG=225)
Max Q calculated: 24.7872 Å⁻¹
Loaded crystal structure from DataFiles/copper.dat: CrystalStructure(Cu, a=3.6100Å, SG=225)
Max Q calculated: 24.7872 Å⁻¹
Loaded crystal structure from DataFiles/copper.dat: CrystalStructure(Cu, a=3.6100Å, SG=225)
Max Q calculated: 24.7872 Å⁻¹
Loaded crystal structure from DataFiles/copper.dat: CrystalStructure(Cu, a=3.6100Å, SG=225)
Max Q calculated: 24.7872 Å⁻¹
saved /Users/sfli/Research/IceNine/icenine_py/benchmarks/toy_orientation_sweep/optimizer_sweep_raw.npz
