/Users/sfli/Research/IceNine/icenine_py/icenine/experiment_setup.py:293: UserWarning: Step size file reading not yet implemented: ConfigFiles/Optimization.2Det
  self.optimization_info = self._read_step_size_file(
/Users/sfli/Research/IceNine/icenine_py/icenine/experiment_setup.py:298: UserWarning: Step size file reading not yet implemented: ConfigFiles/Sensitivity.2Det
  self.detection_sensitivity = self._read_step_size_file(
/Users/sfli/Research/IceNine/icenine_py/icenine/experiment_setup.py:303: UserWarning: Step size file reading not yet implemented: ConfigFiles/Constrain.2L
  self.optimization_constrains = self._read_step_size_file(
/Users/sfli/Research/IceNine/icenine_py/icenine/experiment_setup.py:502: UserWarning: Gimbal lock detected. Setting third angle to zero since it is not possible to uniquely determine all angles.
  sample.rotate(
Loaded crystal structure from DataFiles/copper.dat: CrystalStructure(Cu, a=3.6100Å, SG=225)
Max Q calculated: 24.7872 Å⁻¹
20601 eligible voxels (30 excluded, r_perp <= 500 um); drew 50, 0 rejected as unusable on the way
voxels: [7336, 3108, 2910, 16182, 16269, 21356, 20406, 20206, 3142, 20480, 2177, 13884, 10531, 16905, 17451, 24550, 1053, 14217, 18541, 3866, 2489, 9484, 7109, 970, 19705, 9001, 13074, 12213, 14240, 121, 13850, 2347, 9150, 5384, 19089, 21741, 7723, 9421, 24474, 8383, 12695, 11143, 17771, 2943, 8787, 3424, 14578, 21750, 19118, 11774]
50 voxels to run (0 cached), 10 workers
/Users/sfli/Research/IceNine/icenine_py/icenine/experiment_setup.py:293: UserWarning: Step size file reading not yet implemented: ConfigFiles/Optimization.2Det
  self.optimization_info = self._read_step_size_file(
/Users/sfli/Research/IceNine/icenine_py/icenine/experiment_setup.py:298: UserWarning: Step size file reading not yet implemented: ConfigFiles/Sensitivity.2Det
  self.detection_sensitivity = self._read_step_size_file(
/Users/sfli/Research/IceNine/icenine_py/icenine/experiment_setup.py:303: UserWarning: Step size file reading not yet implemented: ConfigFiles/Constrain.2L
  self.optimization_constrains = self._read_step_size_file(
/Users/sfli/Research/IceNine/icenine_py/icenine/experiment_setup.py:502: UserWarning: Gimbal lock detected. Setting third angle to zero since it is not possible to uniquely determine all angles.
  sample.rotate(
/Users/sfli/Research/IceNine/icenine_py/icenine/experiment_setup.py:293: UserWarning: Step size file reading not yet implemented: ConfigFiles/Optimization.2Det
  self.optimization_info = self._read_step_size_file(
/Users/sfli/Research/IceNine/icenine_py/icenine/experiment_setup.py:298: UserWarning: Step size file reading not yet implemented: ConfigFiles/Sensitivity.2Det
  self.detection_sensitivity = self._read_step_size_file(
/Users/sfli/Research/IceNine/icenine_py/icenine/experiment_setup.py:303: UserWarning: Step size file reading not yet implemented: ConfigFiles/Constrain.2L
  self.optimization_constrains = self._read_step_size_file(
/Users/sfli/Research/IceNine/icenine_py/icenine/experiment_setup.py:502: UserWarning: Gimbal lock detected. Setting third angle to zero since it is not possible to uniquely determine all angles.
  sample.rotate(
/Users/sfli/Research/IceNine/icenine_py/icenine/experiment_setup.py:293: UserWarning: Step size file reading not yet implemented: ConfigFiles/Optimization.2Det
  self.optimization_info = self._read_step_size_file(
/Users/sfli/Research/IceNine/icenine_py/icenine/experiment_setup.py:298: UserWarning: Step size file reading not yet implemented: ConfigFiles/Sensitivity.2Det
  self.detection_sensitivity = self._read_step_size_file(
/Users/sfli/Research/IceNine/icenine_py/icenine/experiment_setup.py:303: UserWarning: Step size file reading not yet implemented: ConfigFiles/Constrain.2L
  self.optimization_constrains = self._read_step_size_file(
/Users/sfli/Research/IceNine/icenine_py/icenine/experiment_setup.py:502: UserWarning: Gimbal lock detected. Setting third angle to zero since it is not possible to uniquely determine all angles.
  sample.rotate(
/Users/sfli/Research/IceNine/icenine_py/icenine/experiment_setup.py:293: UserWarning: Step size file reading not yet implemented: ConfigFiles/Optimization.2Det
  self.optimization_info = self._read_step_size_file(
/Users/sfli/Research/IceNine/icenine_py/icenine/experiment_setup.py:298: UserWarning: Step size file reading not yet implemented: ConfigFiles/Sensitivity.2Det
  self.detection_sensitivity = self._read_step_size_file(
/Users/sfli/Research/IceNine/icenine_py/icenine/experiment_setup.py:303: UserWarning: Step size file reading not yet implemented: ConfigFiles/Constrain.2L
  self.optimization_constrains = self._read_step_size_file(
/Users/sfli/Research/IceNine/icenine_py/icenine/experiment_setup.py:502: UserWarning: Gimbal lock detected. Setting third angle to zero since it is not possible to uniquely determine all angles.
  sample.rotate(
/Users/sfli/Research/IceNine/icenine_py/icenine/experiment_setup.py:293: UserWarning: Step size file reading not yet implemented: ConfigFiles/Optimization.2Det
  self.optimization_info = self._read_step_size_file(
/Users/sfli/Research/IceNine/icenine_py/icenine/experiment_setup.py:298: UserWarning: Step size file reading not yet implemented: ConfigFiles/Sensitivity.2Det
  self.detection_sensitivity = self._read_step_size_file(
/Users/sfli/Research/IceNine/icenine_py/icenine/experiment_setup.py:303: UserWarning: Step size file reading not yet implemented: ConfigFiles/Constrain.2L
  self.optimization_constrains = self._read_step_size_file(
/Users/sfli/Research/IceNine/icenine_py/icenine/experiment_setup.py:502: UserWarning: Gimbal lock detected. Setting third angle to zero since it is not possible to uniquely determine all angles.
  sample.rotate(
/Users/sfli/Research/IceNine/icenine_py/icenine/experiment_setup.py:293: UserWarning: Step size file reading not yet implemented: ConfigFiles/Optimization.2Det
  self.optimization_info = self._read_step_size_file(
/Users/sfli/Research/IceNine/icenine_py/icenine/experiment_setup.py:298: UserWarning: Step size file reading not yet implemented: ConfigFiles/Sensitivity.2Det
  self.detection_sensitivity = self._read_step_size_file(
/Users/sfli/Research/IceNine/icenine_py/icenine/experiment_setup.py:303: UserWarning: Step size file reading not yet implemented: ConfigFiles/Constrain.2L
  self.optimization_constrains = self._read_step_size_file(
/Users/sfli/Research/IceNine/icenine_py/icenine/experiment_setup.py:502: UserWarning: Gimbal lock detected. Setting third angle to zero since it is not possible to uniquely determine all angles.
  sample.rotate(
/Users/sfli/Research/IceNine/icenine_py/icenine/experiment_setup.py:293: UserWarning: Step size file reading not yet implemented: ConfigFiles/Optimization.2Det
  self.optimization_info = self._read_step_size_file(
/Users/sfli/Research/IceNine/icenine_py/icenine/experiment_setup.py:298: UserWarning: Step size file reading not yet implemented: ConfigFiles/Sensitivity.2Det
  self.detection_sensitivity = self._read_step_size_file(
/Users/sfli/Research/IceNine/icenine_py/icenine/experiment_setup.py:303: UserWarning: Step size file reading not yet implemented: ConfigFiles/Constrain.2L
  self.optimization_constrains = self._read_step_size_file(
/Users/sfli/Research/IceNine/icenine_py/icenine/experiment_setup.py:502: UserWarning: Gimbal lock detected. Setting third angle to zero since it is not possible to uniquely determine all angles.
  sample.rotate(
/Users/sfli/Research/IceNine/icenine_py/icenine/experiment_setup.py:293: UserWarning: Step size file reading not yet implemented: ConfigFiles/Optimization.2Det
  self.optimization_info = self._read_step_size_file(
/Users/sfli/Research/IceNine/icenine_py/icenine/experiment_setup.py:298: UserWarning: Step size file reading not yet implemented: ConfigFiles/Sensitivity.2Det
  self.detection_sensitivity = self._read_step_size_file(
/Users/sfli/Research/IceNine/icenine_py/icenine/experiment_setup.py:303: UserWarning: Step size file reading not yet implemented: ConfigFiles/Constrain.2L
  self.optimization_constrains = self._read_step_size_file(
/Users/sfli/Research/IceNine/icenine_py/icenine/experiment_setup.py:502: UserWarning: Gimbal lock detected. Setting third angle to zero since it is not possible to uniquely determine all angles.
  sample.rotate(
/Users/sfli/Research/IceNine/icenine_py/icenine/experiment_setup.py:293: UserWarning: Step size file reading not yet implemented: ConfigFiles/Optimization.2Det
  self.optimization_info = self._read_step_size_file(
/Users/sfli/Research/IceNine/icenine_py/icenine/experiment_setup.py:298: UserWarning: Step size file reading not yet implemented: ConfigFiles/Sensitivity.2Det
  self.detection_sensitivity = self._read_step_size_file(
/Users/sfli/Research/IceNine/icenine_py/icenine/experiment_setup.py:303: UserWarning: Step size file reading not yet implemented: ConfigFiles/Constrain.2L
  self.optimization_constrains = self._read_step_size_file(
/Users/sfli/Research/IceNine/icenine_py/icenine/experiment_setup.py:502: UserWarning: Gimbal lock detected. Setting third angle to zero since it is not possible to uniquely determine all angles.
  sample.rotate(
/Users/sfli/Research/IceNine/icenine_py/icenine/experiment_setup.py:293: UserWarning: Step size file reading not yet implemented: ConfigFiles/Optimization.2Det
  self.optimization_info = self._read_step_size_file(
/Users/sfli/Research/IceNine/icenine_py/icenine/experiment_setup.py:298: UserWarning: Step size file reading not yet implemented: ConfigFiles/Sensitivity.2Det
  self.detection_sensitivity = self._read_step_size_file(
/Users/sfli/Research/IceNine/icenine_py/icenine/experiment_setup.py:303: UserWarning: Step size file reading not yet implemented: ConfigFiles/Constrain.2L
  self.optimization_constrains = self._read_step_size_file(
/Users/sfli/Research/IceNine/icenine_py/icenine/experiment_setup.py:502: UserWarning: Gimbal lock detected. Setting third angle to zero since it is not possible to uniquely determine all angles.
  sample.rotate(
  voxel 16182 done in 238s (247s total)
  voxel 20480 done in 247s (256s total)
  voxel 3142 done in 249s (258s total)
  voxel 7336 done in 250s (259s total)
  voxel 20206 done in 253s (262s total)
  voxel 2910 done in 256s (265s total)
  voxel 16269 done in 257s (266s total)
  voxel 3108 done in 258s (267s total)
  voxel 20406 done in 260s (269s total)
  voxel 21356 done in 278s (287s total)
  voxel 2177 done in 234s (480s total)
  voxel 13884 done in 256s (512s total)
  voxel 17451 done in 251s (513s total)
  voxel 16905 done in 254s (513s total)
  voxel 1053 done in 248s (514s total)
  voxel 10531 done in 259s (517s total)
  voxel 18541 done in 248s (517s total)
  voxel 14217 done in 254s (521s total)
  voxel 24550 done in 264s (528s total)
  voxel 3866 done in 278s (565s total)
  voxel 2489 done in 258s (738s total)
  voxel 13074 done in 229s (747s total)
  voxel 970 done in 238s (751s total)
  voxel 9484 done in 255s (766s total)
  voxel 9001 done in 252s (769s total)
  voxel 7109 done in 257s (770s total)
  voxel 12213 done in 252s (773s total)
  voxel 14240 done in 254s (783s total)
  voxel 19705 done in 275s (789s total)
  voxel 121 done in 274s (839s total)
  voxel 13850 done in 248s (986s total)
  voxel 9150 done in 238s (989s total)
  voxel 2347 done in 251s (998s total)
  voxel 7723 done in 236s (1009s total)
  voxel 5384 done in 246s (1012s total)
  voxel 19089 done in 250s (1019s total)
  voxel 21741 done in 251s (1020s total)
  voxel 9421 done in 239s (1021s total)
  voxel 24474 done in 271s (1060s total)
  voxel 8383 done in 268s (1107s total)
  voxel 12695 done in 233s (1219s total)
  voxel 11143 done in 248s (1237s total)
  voxel 17771 done in 239s (1237s total)
  voxel 3424 done in 236s (1255s total)
  voxel 8787 done in 247s (1259s total)
  voxel 2943 done in 250s (1259s total)
  voxel 21750 done in 239s (1260s total)
  voxel 14578 done in 245s (1266s total)
  voxel 19118 done in 237s (1297s total)
  voxel 11774 done in 233s (1340s total)
Loaded crystal structure from DataFiles/copper.dat: CrystalStructure(Cu, a=3.6100Å, SG=225)
Max Q calculated: 24.7872 Å⁻¹
Loaded crystal structure from DataFiles/copper.dat: CrystalStructure(Cu, a=3.6100Å, SG=225)
Max Q calculated: 24.7872 Å⁻¹
Loaded crystal structure from DataFiles/copper.dat: CrystalStructure(Cu, a=3.6100Å, SG=225)
Max Q calculated: 24.7872 Å⁻¹
Loaded crystal structure from DataFiles/copper.dat: CrystalStructure(Cu, a=3.6100Å, SG=225)
Max Q calculated: 24.7872 Å⁻¹
Loaded crystal structure from DataFiles/copper.dat: CrystalStructure(Cu, a=3.6100Å, SG=225)
Max Q calculated: 24.7872 Å⁻¹
Loaded crystal structure from DataFiles/copper.dat: CrystalStructure(Cu, a=3.6100Å, SG=225)
Max Q calculated: 24.7872 Å⁻¹
Loaded crystal structure from DataFiles/copper.dat: CrystalStructure(Cu, a=3.6100Å, SG=225)
Max Q calculated: 24.7872 Å⁻¹
Loaded crystal structure from DataFiles/copper.dat: CrystalStructure(Cu, a=3.6100Å, SG=225)
Max Q calculated: 24.7872 Å⁻¹
Loaded crystal structure from DataFiles/copper.dat: CrystalStructure(Cu, a=3.6100Å, SG=225)
Max Q calculated: 24.7872 Å⁻¹
Loaded crystal structure from DataFiles/copper.dat: CrystalStructure(Cu, a=3.6100Å, SG=225)
Max Q calculated: 24.7872 Å⁻¹
saved raw results; wall time 1340s
Perturbation sweep: 50 voxels x 10 radii x 20 directions = 1000 cases per radius and variant; models clean_s0, clean_s1, realistic_s0, realistic_s1; up to 3 passes (pass 1 = one-shot, pass 3 = iterated).
Error = angle (deg) between the estimate and the true orientation, over the cases where the net could run at pass 1 (n_ok). Per-seed values are given as s0/s1.

=== windows: clean ===
failures at pass 1 (net could not run), counts per radius:
  r(deg)         0.05    0.1   0.25    0.5   0.75      1    1.5      2      3      5
  n_fail            0      0      0      0      0      0      0      0      0     60
    few_present     0      0      0      0      0      0      0      0      0     60
  later passes stopped early (model clean_s0): 0 case-stops

-- clean-trained (seeds 2); clean windows
    r  n_ok |     median one-shot s0/s1 (mean) |       median pass 3 s0/s1 (mean) |       <0.1deg |         err<r |         Mah^2 | rms z/perp (iter)
 0.05  1000 |           0.0105/0.0146 (0.0125) |           0.0103/0.0146 (0.0124) |   1.000/1.000 |   0.980/0.980 |   3.05/2.99   | 0.0189/0.0036
  0.1  1000 |           0.0107/0.0144 (0.0125) |           0.0103/0.0146 (0.0124) |   1.000/1.000 |   1.000/1.000 |    3.1/2.99   | 0.0189/0.0036
 0.25  1000 |           0.0109/0.0136 (0.0123) |           0.0103/0.0146 (0.0124) |   1.000/1.000 |   1.000/1.000 |   3.16/2.99   | 0.0189/0.0036
  0.5  1000 |           0.0103/0.0129 (0.0116) |           0.0103/0.0146 (0.0124) |   1.000/1.000 |   1.000/1.000 |   3.07/2.99   | 0.0189/0.0036
 0.75  1000 |           0.0104/0.0141 (0.0122) |           0.0103/0.0146 (0.0124) |   1.000/1.000 |   1.000/1.000 |   3.24/2.99   | 0.0189/0.0036
    1  1000 |           0.0107/0.0154 (0.0130) |           0.0103/0.0146 (0.0124) |   1.000/1.000 |   1.000/1.000 |   3.77/2.99   | 0.0189/0.0036
  1.5  1000 |           0.0175/0.0214 (0.0194) |           0.0103/0.0146 (0.0125) |   0.999/1.000 |   1.000/1.000 |   8.82/2.99   | 0.0189/0.0036
    2  1000 |           0.0282/0.0325 (0.0303) |           0.0103/0.0146 (0.0125) |   0.976/1.000 |   1.000/1.000 |     16/2.99   | 0.0189/0.0036
    3  1000 |           0.0629/0.0583 (0.0606) |           0.0103/0.0146 (0.0125) |   0.800/1.000 |   1.000/1.000 |   38.1/2.99   | 0.0189/0.0036
    5   940 |           0.1643/0.1717 (0.1680) |           0.0104/0.0145 (0.0125) |   0.196/1.000 |   1.000/1.000 |   75.2/3      | 0.0191/0.0035
  (<0.1deg, err<r, Mah^2: seed means, one-shot/iterated)
  median error per pass (mean over seeds), by radius:
    pass 1: 0.0125 0.0125 0.0123 0.0116 0.0122 0.0130 0.0194 0.0303 0.0606 0.1680
    pass 2: 0.0125 0.0124 0.0124 0.0124 0.0125 0.0124 0.0124 0.0124 0.0123 0.0123
    pass 3: 0.0124 0.0124 0.0124 0.0124 0.0124 0.0124 0.0125 0.0125 0.0125 0.0125
  median error by r_perp tercile (seed mean, one-shot/iterated):
    tercile1 0.023/0.023 0.023/0.023 0.022/0.023 0.022/0.023 0.021/0.023 0.021/0.023 0.026/0.023 0.035/0.023 0.060/0.023 0.162/0.023
    tercile2 0.012/0.012 0.012/0.012 0.011/0.012 0.010/0.012 0.011/0.012 0.011/0.012 0.017/0.012 0.028/0.012 0.056/0.012 0.177/0.012
    tercile3 0.010/0.010 0.010/0.010 0.010/0.010 0.010/0.010 0.010/0.010 0.011/0.010 0.019/0.010 0.029/0.010 0.065/0.010 0.166/0.010

-- realism-trained (seeds 2); clean windows
    r  n_ok |     median one-shot s0/s1 (mean) |       median pass 3 s0/s1 (mean) |       <0.1deg |         err<r |         Mah^2 | rms z/perp (iter)
 0.05  1000 |           0.0108/0.0136 (0.0122) |           0.0111/0.0131 (0.0121) |   1.000/1.000 |   0.962/0.960 |   1.91/1.96   | 0.0206/0.0035
  0.1  1000 |           0.0122/0.0140 (0.0131) |           0.0111/0.0131 (0.0121) |   1.000/1.000 |   1.000/1.000 |   1.98/1.96   | 0.0206/0.0035
 0.25  1000 |           0.0130/0.0144 (0.0137) |           0.0111/0.0131 (0.0121) |   1.000/1.000 |   1.000/1.000 |   2.11/1.96   | 0.0206/0.0035
  0.5  1000 |           0.0144/0.0168 (0.0156) |           0.0111/0.0131 (0.0121) |   1.000/1.000 |   1.000/1.000 |    2.2/1.96   | 0.0206/0.0035
 0.75  1000 |           0.0169/0.0186 (0.0177) |           0.0110/0.0131 (0.0121) |   0.999/1.000 |   1.000/1.000 |   2.12/1.95   | 0.0206/0.0035
    1  1000 |           0.0208/0.0209 (0.0208) |           0.0111/0.0132 (0.0121) |   0.991/1.000 |   1.000/1.000 |   2.06/1.95   | 0.0206/0.0035
  1.5  1000 |           0.0272/0.0289 (0.0281) |           0.0110/0.0133 (0.0122) |   0.984/1.000 |   1.000/1.000 |   2.25/1.95   | 0.0206/0.0035
    2  1000 |           0.0375/0.0388 (0.0382) |           0.0110/0.0131 (0.0121) |   0.969/1.000 |   1.000/1.000 |   2.52/1.95   | 0.0206/0.0035
    3  1000 |           0.0631/0.0693 (0.0662) |           0.0111/0.0132 (0.0121) |   0.788/1.000 |   1.000/1.000 |   2.48/1.95   | 0.0206/0.0035
    5   940 |           0.2000/0.3451 (0.2726) |           0.0111/0.0130 (0.0120) |   0.103/1.000 |   1.000/1.000 |   3.03/1.96   | 0.0206/0.0035
  (<0.1deg, err<r, Mah^2: seed means, one-shot/iterated)
  median error per pass (mean over seeds), by radius:
    pass 1: 0.0122 0.0131 0.0137 0.0156 0.0177 0.0208 0.0281 0.0382 0.0662 0.2726
    pass 2: 0.0122 0.0121 0.0120 0.0121 0.0124 0.0126 0.0129 0.0129 0.0135 0.0149
    pass 3: 0.0121 0.0121 0.0121 0.0121 0.0121 0.0121 0.0122 0.0121 0.0121 0.0120
  median error by r_perp tercile (seed mean, one-shot/iterated):
    tercile1 0.017/0.017 0.018/0.017 0.019/0.017 0.020/0.017 0.022/0.017 0.024/0.017 0.029/0.017 0.037/0.017 0.067/0.017 0.249/0.017
    tercile2 0.012/0.011 0.012/0.011 0.012/0.011 0.014/0.011 0.017/0.011 0.021/0.011 0.029/0.011 0.039/0.011 0.064/0.011 0.273/0.011
    tercile3 0.009/0.010 0.010/0.010 0.012/0.010 0.013/0.010 0.016/0.010 0.019/0.010 0.026/0.010 0.038/0.010 0.067/0.010 0.303/0.010

=== windows: all ===
failures at pass 1 (net could not run), counts per radius:
  r(deg)         0.05    0.1   0.25    0.5   0.75      1    1.5      2      3      5
  n_fail            0      0      0      0      0      0      0      0      0      6
    few_present     0      0      0      0      0      0      0      0      0      6
  later passes stopped early (model clean_s0): 6 case-stops

-- clean-trained (seeds 2); all windows
    r  n_ok |     median one-shot s0/s1 (mean) |       median pass 3 s0/s1 (mean) |       <0.1deg |         err<r |         Mah^2 | rms z/perp (iter)
 0.05  1000 |           0.2802/0.2676 (0.2739) |           0.2938/0.2612 (0.2775) |   0.244/0.234 |   0.082/0.082 | 1.77e+03/1.89e+03 | 0.4391/0.0770
  0.1  1000 |           0.2709/0.2477 (0.2593) |           0.2774/0.2479 (0.2626) |   0.242/0.230 |   0.242/0.230 | 1.78e+03/1.91e+03 | 0.4394/0.0786
 0.25  1000 |           0.2495/0.2355 (0.2425) |           0.2565/0.2457 (0.2511) |   0.248/0.243 |   0.506/0.498 | 1.76e+03/1.93e+03 | 0.4403/0.0770
  0.5  1000 |           0.2662/0.2402 (0.2532) |           0.2731/0.2549 (0.2640) |   0.254/0.217 |   0.737/0.722 | 1.64e+03/1.9e+03 | 0.4440/0.0759
 0.75  1000 |           0.2559/0.2337 (0.2448) |           0.2708/0.2518 (0.2613) |   0.242/0.231 |   0.928/0.901 | 1.55e+03/1.88e+03 | 0.4348/0.0781
    1  1000 |           0.2568/0.2260 (0.2414) |           0.2712/0.2604 (0.2658) |   0.220/0.241 |   0.974/0.965 | 1.55e+03/1.91e+03 | 0.4465/0.0758
  1.5  1000 |           0.3014/0.2533 (0.2773) |           0.2792/0.2638 (0.2715) |   0.132/0.235 |   0.998/0.998 | 2.31e+03/1.89e+03 | 0.4425/0.0779
    2  1000 |           0.4384/0.3871 (0.4127) |           0.2889/0.2719 (0.2804) |   0.045/0.210 |   1.000/1.000 | 5.78e+03/1.92e+03 | 0.4515/0.0772
    3  1000 |           1.1715/1.0507 (1.1111) |           0.3005/0.2815 (0.2910) |   0.006/0.215 |   0.998/1.000 | 2.76e+04/2.33e+03 | 0.4590/0.0998
    5   994 |           3.9445/3.7579 (3.8512) |           0.9078/0.6913 (0.7996) |   0.000/0.096 |   0.959/0.960 | 1.48e+05/6.04e+04 | 1.1069/1.2714
  (<0.1deg, err<r, Mah^2: seed means, one-shot/iterated)
  median error per pass (mean over seeds), by radius:
    pass 1: 0.2739 0.2593 0.2425 0.2532 0.2448 0.2414 0.2773 0.4127 1.1111 3.8512
    pass 2: 0.2739 0.2607 0.2483 0.2621 0.2641 0.2663 0.2691 0.2772 0.3762 2.2726
    pass 3: 0.2775 0.2626 0.2511 0.2640 0.2613 0.2658 0.2715 0.2804 0.2910 0.7996
  median error by r_perp tercile (seed mean, one-shot/iterated):
    tercile1 0.270/0.269 0.267/0.277 0.235/0.248 0.256/0.263 0.232/0.239 0.228/0.256 0.292/0.280 0.429/0.275 1.132/0.268 3.763/0.848
    tercile2 0.219/0.224 0.228/0.228 0.182/0.192 0.237/0.245 0.221/0.237 0.202/0.215 0.263/0.233 0.402/0.218 1.117/0.305 3.834/0.764
    tercile3 0.325/0.324 0.289/0.281 0.309/0.311 0.273/0.290 0.264/0.292 0.287/0.315 0.281/0.294 0.410/0.312 1.090/0.297 3.946/0.801

-- realism-trained (seeds 2); all windows
    r  n_ok |     median one-shot s0/s1 (mean) |       median pass 3 s0/s1 (mean) |       <0.1deg |         err<r |         Mah^2 | rms z/perp (iter)
 0.05  1000 |           0.0649/0.0596 (0.0622) |           0.0677/0.0627 (0.0652) |   0.679/0.655 |   0.433/0.434 |   2.91/3.2    | 0.0716/0.0529
  0.1  1000 |           0.0605/0.0574 (0.0589) |           0.0623/0.0630 (0.0626) |   0.683/0.672 |   0.683/0.672 |   2.84/3.33   | 0.0661/0.0545
 0.25  1000 |           0.0651/0.0624 (0.0637) |           0.0652/0.0636 (0.0644) |   0.677/0.657 |   0.991/0.987 |   2.79/3.23   | 0.0701/0.0528
  0.5  1000 |           0.0635/0.0629 (0.0632) |           0.0667/0.0641 (0.0654) |   0.679/0.668 |   1.000/1.000 |   2.94/3.17   | 0.0693/0.0526
 0.75  1000 |           0.0677/0.0653 (0.0665) |           0.0658/0.0635 (0.0646) |   0.670/0.665 |   1.000/1.000 |    2.9/3.16   | 0.0668/0.0527
    1  1000 |           0.0720/0.0694 (0.0707) |           0.0666/0.0662 (0.0664) |   0.658/0.663 |   1.000/1.000 |   3.58/3.18   | 0.0667/0.0516
  1.5  1000 |           0.0918/0.0841 (0.0880) |           0.0620/0.0606 (0.0613) |   0.558/0.687 |   0.998/0.999 |   28.3/8.02   | 0.0726/0.0805
    2  1000 |           0.1777/0.1645 (0.1711) |           0.0730/0.0710 (0.0720) |   0.273/0.633 |   0.990/0.994 |    221/44.9   | 0.0951/0.1804
    3  1000 |           0.9817/1.0334 (1.0075) |           0.0803/0.0776 (0.0789) |   0.021/0.581 |   0.965/0.968 | 1.26e+03/541    | 0.2694/0.5914
    5   994 |           4.1196/4.3689 (4.2442) |           1.3005/2.6329 (1.9667) |   0.000/0.240 |   0.811/0.822 | 5.35e+03/5.41e+03 | 1.3325/2.1541
  (<0.1deg, err<r, Mah^2: seed means, one-shot/iterated)
  median error per pass (mean over seeds), by radius:
    pass 1: 0.0622 0.0589 0.0637 0.0632 0.0665 0.0707 0.0880 0.1711 1.0075 4.2442
    pass 2: 0.0645 0.0624 0.0639 0.0654 0.0642 0.0650 0.0603 0.0730 0.1078 3.2614
    pass 3: 0.0652 0.0626 0.0644 0.0654 0.0646 0.0664 0.0613 0.0720 0.0789 1.9667
  median error by r_perp tercile (seed mean, one-shot/iterated):
    tercile1 0.062/0.064 0.059/0.063 0.064/0.062 0.061/0.061 0.057/0.055 0.069/0.064 0.083/0.060 0.157/0.070 0.903/0.077 4.082/1.268
    tercile2 0.054/0.057 0.058/0.062 0.053/0.051 0.057/0.056 0.068/0.065 0.064/0.053 0.083/0.057 0.151/0.059 0.955/0.077 4.122/1.551
    tercile3 0.073/0.078 0.060/0.063 0.074/0.076 0.072/0.074 0.074/0.078 0.081/0.079 0.102/0.069 0.204/0.085 1.170/0.086 4.503/2.981

terciles of r_perp (um): edges [246.8, 377.7], ranges [[57, 246], [249, 371], [381, 499]], voxels [17, 16, 17]
