H0/realistic_s0: 20 tasks (0 cached), 10 workers
/Users/sfli/Research/IceNine/icenine_py/icenine/experiment_setup.py:293: UserWarning: Step size file reading not yet implemented: ConfigFiles/Optimization.2Det
  self.optimization_info = self._read_step_size_file(
/Users/sfli/Research/IceNine/icenine_py/icenine/experiment_setup.py:298: UserWarning: Step size file reading not yet implemented: ConfigFiles/Sensitivity.2Det
  self.detection_sensitivity = self._read_step_size_file(
/Users/sfli/Research/IceNine/icenine_py/icenine/experiment_setup.py:303: UserWarning: Step size file reading not yet implemented: ConfigFiles/Constrain.2L
  self.optimization_constrains = self._read_step_size_file(
/Users/sfli/Research/IceNine/icenine_py/icenine/experiment_setup.py:502: UserWarning: Gimbal lock detected. Setting third angle to zero since it is not possible to uniquely determine all angles.
  sample.rotate(
/Users/sfli/Research/IceNine/icenine_py/icenine/experiment_setup.py:293: UserWarning: Step size file reading not yet implemented: ConfigFiles/Optimization.2Det
  self.optimization_info = self._read_step_size_file(
/Users/sfli/Research/IceNine/icenine_py/icenine/experiment_setup.py:298: UserWarning: Step size file reading not yet implemented: ConfigFiles/Sensitivity.2Det
  self.detection_sensitivity = self._read_step_size_file(
/Users/sfli/Research/IceNine/icenine_py/icenine/experiment_setup.py:303: UserWarning: Step size file reading not yet implemented: ConfigFiles/Constrain.2L
  self.optimization_constrains = self._read_step_size_file(
/Users/sfli/Research/IceNine/icenine_py/icenine/experiment_setup.py:502: UserWarning: Gimbal lock detected. Setting third angle to zero since it is not possible to uniquely determine all angles.
  sample.rotate(
/Users/sfli/Research/IceNine/icenine_py/icenine/experiment_setup.py:293: UserWarning: Step size file reading not yet implemented: ConfigFiles/Optimization.2Det
  self.optimization_info = self._read_step_size_file(
/Users/sfli/Research/IceNine/icenine_py/icenine/experiment_setup.py:298: UserWarning: Step size file reading not yet implemented: ConfigFiles/Sensitivity.2Det
  self.detection_sensitivity = self._read_step_size_file(
/Users/sfli/Research/IceNine/icenine_py/icenine/experiment_setup.py:303: UserWarning: Step size file reading not yet implemented: ConfigFiles/Constrain.2L
  self.optimization_constrains = self._read_step_size_file(
/Users/sfli/Research/IceNine/icenine_py/icenine/experiment_setup.py:502: UserWarning: Gimbal lock detected. Setting third angle to zero since it is not possible to uniquely determine all angles.
  sample.rotate(
/Users/sfli/Research/IceNine/icenine_py/icenine/experiment_setup.py:293: UserWarning: Step size file reading not yet implemented: ConfigFiles/Optimization.2Det
  self.optimization_info = self._read_step_size_file(
/Users/sfli/Research/IceNine/icenine_py/icenine/experiment_setup.py:298: UserWarning: Step size file reading not yet implemented: ConfigFiles/Sensitivity.2Det
  self.detection_sensitivity = self._read_step_size_file(
/Users/sfli/Research/IceNine/icenine_py/icenine/experiment_setup.py:303: UserWarning: Step size file reading not yet implemented: ConfigFiles/Constrain.2L
  self.optimization_constrains = self._read_step_size_file(
/Users/sfli/Research/IceNine/icenine_py/icenine/experiment_setup.py:502: UserWarning: Gimbal lock detected. Setting third angle to zero since it is not possible to uniquely determine all angles.
  sample.rotate(
/Users/sfli/Research/IceNine/icenine_py/icenine/experiment_setup.py:293: UserWarning: Step size file reading not yet implemented: ConfigFiles/Optimization.2Det
  self.optimization_info = self._read_step_size_file(
/Users/sfli/Research/IceNine/icenine_py/icenine/experiment_setup.py:298: UserWarning: Step size file reading not yet implemented: ConfigFiles/Sensitivity.2Det
  self.detection_sensitivity = self._read_step_size_file(
/Users/sfli/Research/IceNine/icenine_py/icenine/experiment_setup.py:303: UserWarning: Step size file reading not yet implemented: ConfigFiles/Constrain.2L
  self.optimization_constrains = self._read_step_size_file(
/Users/sfli/Research/IceNine/icenine_py/icenine/experiment_setup.py:502: UserWarning: Gimbal lock detected. Setting third angle to zero since it is not possible to uniquely determine all angles.
  sample.rotate(
/Users/sfli/Research/IceNine/icenine_py/icenine/experiment_setup.py:293: UserWarning: Step size file reading not yet implemented: ConfigFiles/Optimization.2Det
  self.optimization_info = self._read_step_size_file(
/Users/sfli/Research/IceNine/icenine_py/icenine/experiment_setup.py:298: UserWarning: Step size file reading not yet implemented: ConfigFiles/Sensitivity.2Det
  self.detection_sensitivity = self._read_step_size_file(
/Users/sfli/Research/IceNine/icenine_py/icenine/experiment_setup.py:303: UserWarning: Step size file reading not yet implemented: ConfigFiles/Constrain.2L
  self.optimization_constrains = self._read_step_size_file(
/Users/sfli/Research/IceNine/icenine_py/icenine/experiment_setup.py:502: UserWarning: Gimbal lock detected. Setting third angle to zero since it is not possible to uniquely determine all angles.
  sample.rotate(
/Users/sfli/Research/IceNine/icenine_py/icenine/experiment_setup.py:293: UserWarning: Step size file reading not yet implemented: ConfigFiles/Optimization.2Det
  self.optimization_info = self._read_step_size_file(
/Users/sfli/Research/IceNine/icenine_py/icenine/experiment_setup.py:298: UserWarning: Step size file reading not yet implemented: ConfigFiles/Sensitivity.2Det
  self.detection_sensitivity = self._read_step_size_file(
/Users/sfli/Research/IceNine/icenine_py/icenine/experiment_setup.py:303: UserWarning: Step size file reading not yet implemented: ConfigFiles/Constrain.2L
  self.optimization_constrains = self._read_step_size_file(
/Users/sfli/Research/IceNine/icenine_py/icenine/experiment_setup.py:502: UserWarning: Gimbal lock detected. Setting third angle to zero since it is not possible to uniquely determine all angles.
  sample.rotate(
/Users/sfli/Research/IceNine/icenine_py/icenine/experiment_setup.py:293: UserWarning: Step size file reading not yet implemented: ConfigFiles/Optimization.2Det
  self.optimization_info = self._read_step_size_file(
/Users/sfli/Research/IceNine/icenine_py/icenine/experiment_setup.py:298: UserWarning: Step size file reading not yet implemented: ConfigFiles/Sensitivity.2Det
  self.detection_sensitivity = self._read_step_size_file(
/Users/sfli/Research/IceNine/icenine_py/icenine/experiment_setup.py:303: UserWarning: Step size file reading not yet implemented: ConfigFiles/Constrain.2L
  self.optimization_constrains = self._read_step_size_file(
/Users/sfli/Research/IceNine/icenine_py/icenine/experiment_setup.py:502: UserWarning: Gimbal lock detected. Setting third angle to zero since it is not possible to uniquely determine all angles.
  sample.rotate(
/Users/sfli/Research/IceNine/icenine_py/icenine/experiment_setup.py:293: UserWarning: Step size file reading not yet implemented: ConfigFiles/Optimization.2Det
  self.optimization_info = self._read_step_size_file(
/Users/sfli/Research/IceNine/icenine_py/icenine/experiment_setup.py:298: UserWarning: Step size file reading not yet implemented: ConfigFiles/Sensitivity.2Det
  self.detection_sensitivity = self._read_step_size_file(
/Users/sfli/Research/IceNine/icenine_py/icenine/experiment_setup.py:303: UserWarning: Step size file reading not yet implemented: ConfigFiles/Constrain.2L
  self.optimization_constrains = self._read_step_size_file(
/Users/sfli/Research/IceNine/icenine_py/icenine/experiment_setup.py:502: UserWarning: Gimbal lock detected. Setting third angle to zero since it is not possible to uniquely determine all angles.
  sample.rotate(
/Users/sfli/Research/IceNine/icenine_py/icenine/experiment_setup.py:293: UserWarning: Step size file reading not yet implemented: ConfigFiles/Optimization.2Det
  self.optimization_info = self._read_step_size_file(
/Users/sfli/Research/IceNine/icenine_py/icenine/experiment_setup.py:298: UserWarning: Step size file reading not yet implemented: ConfigFiles/Sensitivity.2Det
  self.detection_sensitivity = self._read_step_size_file(
/Users/sfli/Research/IceNine/icenine_py/icenine/experiment_setup.py:303: UserWarning: Step size file reading not yet implemented: ConfigFiles/Constrain.2L
  self.optimization_constrains = self._read_step_size_file(
/Users/sfli/Research/IceNine/icenine_py/icenine/experiment_setup.py:502: UserWarning: Gimbal lock detected. Setting third angle to zero since it is not possible to uniquely determine all angles.
  sample.rotate(
  [H0 1/20] voxel 7336 r#9 done in 17s (20s total)
  [H0 2/20] voxel 7336 r#8 done in 21s (24s total)
  [H0 3/20] voxel 7336 r#7 done in 25s (27s total)
  [H0 4/20] voxel 7336 r#6 done in 36s (39s total)
  [H0 5/20] voxel 7336 r#5 done in 41s (44s total)
  [H0 6/20] voxel 7336 r#4 done in 47s (50s total)
  [H0 7/20] voxel 7336 r#3 done in 56s (58s total)
  [H0 8/20] voxel 3108 r#4 done in 39s (83s total)
  [H0 9/20] voxel 7336 r#2 done in 83s (85s total)
  [H0 10/20] voxel 3108 r#6 done in 33s (91s total)
  [H0 11/20] voxel 3108 r#3 done in 55s (94s total)
  [H0 12/20] voxel 3108 r#5 done in 44s (94s total)
  [H0 13/20] voxel 3108 r#2 done in 77s (104s total)
  [H0 14/20] voxel 7336 r#1 done in 104s (106s total)
  [H0 15/20] voxel 3108 r#8 done in 21s (106s total)
  [H0 16/20] voxel 7336 r#0 done in 105s (107s total)
  [H0 17/20] voxel 3108 r#7 done in 25s (108s total)
  [H0 18/20] voxel 3108 r#9 done in 17s (108s total)
  [H0 19/20] voxel 3108 r#1 done in 101s (125s total)
  [H0 20/20] voxel 3108 r#0 done in 106s (126s total)
Loaded crystal structure from DataFiles/copper.dat: CrystalStructure(Cu, a=3.6100Å, SG=225)
Max Q calculated: 24.7872 Å⁻¹
Loaded crystal structure from DataFiles/copper.dat: CrystalStructure(Cu, a=3.6100Å, SG=225)
Max Q calculated: 24.7872 Å⁻¹
Loaded crystal structure from DataFiles/copper.dat: CrystalStructure(Cu, a=3.6100Å, SG=225)
Max Q calculated: 24.7872 Å⁻¹
Loaded crystal structure from DataFiles/copper.dat: CrystalStructure(Cu, a=3.6100Å, SG=225)
Max Q calculated: 24.7872 Å⁻¹
Loaded crystal structure from DataFiles/copper.dat: CrystalStructure(Cu, a=3.6100Å, SG=225)
Max Q calculated: 24.7872 Å⁻¹
Loaded crystal structure from DataFiles/copper.dat: CrystalStructure(Cu, a=3.6100Å, SG=225)
Max Q calculated: 24.7872 Å⁻¹
Loaded crystal structure from DataFiles/copper.dat: CrystalStructure(Cu, a=3.6100Å, SG=225)
Max Q calculated: 24.7872 Å⁻¹
Loaded crystal structure from DataFiles/copper.dat: CrystalStructure(Cu, a=3.6100Å, SG=225)
Max Q calculated: 24.7872 Å⁻¹
Loaded crystal structure from DataFiles/copper.dat: CrystalStructure(Cu, a=3.6100Å, SG=225)
Max Q calculated: 24.7872 Å⁻¹
Loaded crystal structure from DataFiles/copper.dat: CrystalStructure(Cu, a=3.6100Å, SG=225)
Max Q calculated: 24.7872 Å⁻¹
H0 finished; wall 126s
saved /Users/sfli/Research/IceNine/icenine_py/benchmarks/nn_hybrid/pilot/H0_realistic_s0_raw.npz
H1/realistic_s0: 20 tasks (0 cached), 10 workers
/Users/sfli/Research/IceNine/icenine_py/icenine/experiment_setup.py:293: UserWarning: Step size file reading not yet implemented: ConfigFiles/Optimization.2Det
  self.optimization_info = self._read_step_size_file(
/Users/sfli/Research/IceNine/icenine_py/icenine/experiment_setup.py:298: UserWarning: Step size file reading not yet implemented: ConfigFiles/Sensitivity.2Det
  self.detection_sensitivity = self._read_step_size_file(
/Users/sfli/Research/IceNine/icenine_py/icenine/experiment_setup.py:303: UserWarning: Step size file reading not yet implemented: ConfigFiles/Constrain.2L
  self.optimization_constrains = self._read_step_size_file(
/Users/sfli/Research/IceNine/icenine_py/icenine/experiment_setup.py:502: UserWarning: Gimbal lock detected. Setting third angle to zero since it is not possible to uniquely determine all angles.
  sample.rotate(
/Users/sfli/Research/IceNine/icenine_py/icenine/experiment_setup.py:293: UserWarning: Step size file reading not yet implemented: ConfigFiles/Optimization.2Det
  self.optimization_info = self._read_step_size_file(
/Users/sfli/Research/IceNine/icenine_py/icenine/experiment_setup.py:298: UserWarning: Step size file reading not yet implemented: ConfigFiles/Sensitivity.2Det
  self.detection_sensitivity = self._read_step_size_file(
/Users/sfli/Research/IceNine/icenine_py/icenine/experiment_setup.py:303: UserWarning: Step size file reading not yet implemented: ConfigFiles/Constrain.2L
  self.optimization_constrains = self._read_step_size_file(
/Users/sfli/Research/IceNine/icenine_py/icenine/experiment_setup.py:502: UserWarning: Gimbal lock detected. Setting third angle to zero since it is not possible to uniquely determine all angles.
  sample.rotate(
/Users/sfli/Research/IceNine/icenine_py/icenine/experiment_setup.py:293: UserWarning: Step size file reading not yet implemented: ConfigFiles/Optimization.2Det
  self.optimization_info = self._read_step_size_file(
/Users/sfli/Research/IceNine/icenine_py/icenine/experiment_setup.py:298: UserWarning: Step size file reading not yet implemented: ConfigFiles/Sensitivity.2Det
  self.detection_sensitivity = self._read_step_size_file(
/Users/sfli/Research/IceNine/icenine_py/icenine/experiment_setup.py:303: UserWarning: Step size file reading not yet implemented: ConfigFiles/Constrain.2L
  self.optimization_constrains = self._read_step_size_file(
/Users/sfli/Research/IceNine/icenine_py/icenine/experiment_setup.py:502: UserWarning: Gimbal lock detected. Setting third angle to zero since it is not possible to uniquely determine all angles.
  sample.rotate(
/Users/sfli/Research/IceNine/icenine_py/icenine/experiment_setup.py:293: UserWarning: Step size file reading not yet implemented: ConfigFiles/Optimization.2Det
  self.optimization_info = self._read_step_size_file(
/Users/sfli/Research/IceNine/icenine_py/icenine/experiment_setup.py:298: UserWarning: Step size file reading not yet implemented: ConfigFiles/Sensitivity.2Det
  self.detection_sensitivity = self._read_step_size_file(
/Users/sfli/Research/IceNine/icenine_py/icenine/experiment_setup.py:303: UserWarning: Step size file reading not yet implemented: ConfigFiles/Constrain.2L
  self.optimization_constrains = self._read_step_size_file(
/Users/sfli/Research/IceNine/icenine_py/icenine/experiment_setup.py:502: UserWarning: Gimbal lock detected. Setting third angle to zero since it is not possible to uniquely determine all angles.
  sample.rotate(
/Users/sfli/Research/IceNine/icenine_py/icenine/experiment_setup.py:293: UserWarning: Step size file reading not yet implemented: ConfigFiles/Optimization.2Det
  self.optimization_info = self._read_step_size_file(
/Users/sfli/Research/IceNine/icenine_py/icenine/experiment_setup.py:298: UserWarning: Step size file reading not yet implemented: ConfigFiles/Sensitivity.2Det
  self.detection_sensitivity = self._read_step_size_file(
/Users/sfli/Research/IceNine/icenine_py/icenine/experiment_setup.py:303: UserWarning: Step size file reading not yet implemented: ConfigFiles/Constrain.2L
  self.optimization_constrains = self._read_step_size_file(
/Users/sfli/Research/IceNine/icenine_py/icenine/experiment_setup.py:502: UserWarning: Gimbal lock detected. Setting third angle to zero since it is not possible to uniquely determine all angles.
  sample.rotate(
/Users/sfli/Research/IceNine/icenine_py/icenine/experiment_setup.py:293: UserWarning: Step size file reading not yet implemented: ConfigFiles/Optimization.2Det
  self.optimization_info = self._read_step_size_file(
/Users/sfli/Research/IceNine/icenine_py/icenine/experiment_setup.py:298: UserWarning: Step size file reading not yet implemented: ConfigFiles/Sensitivity.2Det
  self.detection_sensitivity = self._read_step_size_file(
/Users/sfli/Research/IceNine/icenine_py/icenine/experiment_setup.py:303: UserWarning: Step size file reading not yet implemented: ConfigFiles/Constrain.2L
  self.optimization_constrains = self._read_step_size_file(
/Users/sfli/Research/IceNine/icenine_py/icenine/experiment_setup.py:502: UserWarning: Gimbal lock detected. Setting third angle to zero since it is not possible to uniquely determine all angles.
  sample.rotate(
/Users/sfli/Research/IceNine/icenine_py/icenine/experiment_setup.py:293: UserWarning: Step size file reading not yet implemented: ConfigFiles/Optimization.2Det
  self.optimization_info = self._read_step_size_file(
/Users/sfli/Research/IceNine/icenine_py/icenine/experiment_setup.py:298: UserWarning: Step size file reading not yet implemented: ConfigFiles/Sensitivity.2Det
  self.detection_sensitivity = self._read_step_size_file(
/Users/sfli/Research/IceNine/icenine_py/icenine/experiment_setup.py:303: UserWarning: Step size file reading not yet implemented: ConfigFiles/Constrain.2L
  self.optimization_constrains = self._read_step_size_file(
/Users/sfli/Research/IceNine/icenine_py/icenine/experiment_setup.py:502: UserWarning: Gimbal lock detected. Setting third angle to zero since it is not possible to uniquely determine all angles.
  sample.rotate(
/Users/sfli/Research/IceNine/icenine_py/icenine/experiment_setup.py:293: UserWarning: Step size file reading not yet implemented: ConfigFiles/Optimization.2Det
  self.optimization_info = self._read_step_size_file(
/Users/sfli/Research/IceNine/icenine_py/icenine/experiment_setup.py:298: UserWarning: Step size file reading not yet implemented: ConfigFiles/Sensitivity.2Det
  self.detection_sensitivity = self._read_step_size_file(
/Users/sfli/Research/IceNine/icenine_py/icenine/experiment_setup.py:303: UserWarning: Step size file reading not yet implemented: ConfigFiles/Constrain.2L
  self.optimization_constrains = self._read_step_size_file(
/Users/sfli/Research/IceNine/icenine_py/icenine/experiment_setup.py:502: UserWarning: Gimbal lock detected. Setting third angle to zero since it is not possible to uniquely determine all angles.
  sample.rotate(
/Users/sfli/Research/IceNine/icenine_py/icenine/experiment_setup.py:293: UserWarning: Step size file reading not yet implemented: ConfigFiles/Optimization.2Det
  self.optimization_info = self._read_step_size_file(
/Users/sfli/Research/IceNine/icenine_py/icenine/experiment_setup.py:298: UserWarning: Step size file reading not yet implemented: ConfigFiles/Sensitivity.2Det
  self.detection_sensitivity = self._read_step_size_file(
/Users/sfli/Research/IceNine/icenine_py/icenine/experiment_setup.py:303: UserWarning: Step size file reading not yet implemented: ConfigFiles/Constrain.2L
  self.optimization_constrains = self._read_step_size_file(
/Users/sfli/Research/IceNine/icenine_py/icenine/experiment_setup.py:502: UserWarning: Gimbal lock detected. Setting third angle to zero since it is not possible to uniquely determine all angles.
  sample.rotate(
/Users/sfli/Research/IceNine/icenine_py/icenine/experiment_setup.py:293: UserWarning: Step size file reading not yet implemented: ConfigFiles/Optimization.2Det
  self.optimization_info = self._read_step_size_file(
/Users/sfli/Research/IceNine/icenine_py/icenine/experiment_setup.py:298: UserWarning: Step size file reading not yet implemented: ConfigFiles/Sensitivity.2Det
  self.detection_sensitivity = self._read_step_size_file(
/Users/sfli/Research/IceNine/icenine_py/icenine/experiment_setup.py:303: UserWarning: Step size file reading not yet implemented: ConfigFiles/Constrain.2L
  self.optimization_constrains = self._read_step_size_file(
/Users/sfli/Research/IceNine/icenine_py/icenine/experiment_setup.py:502: UserWarning: Gimbal lock detected. Setting third angle to zero since it is not possible to uniquely determine all angles.
  sample.rotate(
  [H1 1/20] voxel 7336 r#9 done in 32s (35s total)
  [H1 2/20] voxel 7336 r#8 done in 76s (79s total)
  [H1 3/20] voxel 7336 r#7 done in 87s (90s total)
  [H1 4/20] voxel 7336 r#6 done in 94s (97s total)
  [H1 5/20] voxel 7336 r#0 done in 98s (100s total)
  [H1 6/20] voxel 7336 r#3 done in 98s (101s total)
  [H1 7/20] voxel 7336 r#4 done in 98s (102s total)
  [H1 8/20] voxel 7336 r#5 done in 103s (106s total)
  [H1 9/20] voxel 7336 r#2 done in 105s (109s total)
  [H1 10/20] voxel 7336 r#1 done in 120s (123s total)
  [H1 11/20] voxel 3108 r#0 done in 122s (157s total)
  [H1 12/20] voxel 3108 r#9 done in 47s (170s total)
  [H1 13/20] voxel 3108 r#8 done in 74s (182s total)
  [H1 14/20] voxel 3108 r#1 done in 106s (185s total)
  [H1 15/20] voxel 3108 r#2 done in 97s (186s total)
  [H1 16/20] voxel 3108 r#7 done in 87s (193s total)
  [H1 17/20] voxel 3108 r#4 done in 93s (193s total)
  [H1 18/20] voxel 3108 r#3 done in 99s (196s total)
  [H1 19/20] voxel 3108 r#5 done in 102s (203s total)
  [H1 20/20] voxel 3108 r#6 done in 105s (207s total)
Loaded crystal structure from DataFiles/copper.dat: CrystalStructure(Cu, a=3.6100Å, SG=225)
Max Q calculated: 24.7872 Å⁻¹
Loaded crystal structure from DataFiles/copper.dat: CrystalStructure(Cu, a=3.6100Å, SG=225)
Max Q calculated: 24.7872 Å⁻¹
Loaded crystal structure from DataFiles/copper.dat: CrystalStructure(Cu, a=3.6100Å, SG=225)
Max Q calculated: 24.7872 Å⁻¹
Loaded crystal structure from DataFiles/copper.dat: CrystalStructure(Cu, a=3.6100Å, SG=225)
Max Q calculated: 24.7872 Å⁻¹
Loaded crystal structure from DataFiles/copper.dat: CrystalStructure(Cu, a=3.6100Å, SG=225)
Max Q calculated: 24.7872 Å⁻¹
Loaded crystal structure from DataFiles/copper.dat: CrystalStructure(Cu, a=3.6100Å, SG=225)
Max Q calculated: 24.7872 Å⁻¹
Loaded crystal structure from DataFiles/copper.dat: CrystalStructure(Cu, a=3.6100Å, SG=225)
Max Q calculated: 24.7872 Å⁻¹
Loaded crystal structure from DataFiles/copper.dat: CrystalStructure(Cu, a=3.6100Å, SG=225)
Max Q calculated: 24.7872 Å⁻¹
Loaded crystal structure from DataFiles/copper.dat: CrystalStructure(Cu, a=3.6100Å, SG=225)
Max Q calculated: 24.7872 Å⁻¹
Loaded crystal structure from DataFiles/copper.dat: CrystalStructure(Cu, a=3.6100Å, SG=225)
Max Q calculated: 24.7872 Å⁻¹
H1 finished; wall 207s
saved /Users/sfli/Research/IceNine/icenine_py/benchmarks/nn_hybrid/pilot/H1_realistic_s0_raw.npz
H3/realistic_s0: 20 tasks (0 cached), 10 workers
/Users/sfli/Research/IceNine/icenine_py/icenine/experiment_setup.py:293: UserWarning: Step size file reading not yet implemented: ConfigFiles/Optimization.2Det
  self.optimization_info = self._read_step_size_file(
/Users/sfli/Research/IceNine/icenine_py/icenine/experiment_setup.py:298: UserWarning: Step size file reading not yet implemented: ConfigFiles/Sensitivity.2Det
  self.detection_sensitivity = self._read_step_size_file(
/Users/sfli/Research/IceNine/icenine_py/icenine/experiment_setup.py:303: UserWarning: Step size file reading not yet implemented: ConfigFiles/Constrain.2L
  self.optimization_constrains = self._read_step_size_file(
/Users/sfli/Research/IceNine/icenine_py/icenine/experiment_setup.py:502: UserWarning: Gimbal lock detected. Setting third angle to zero since it is not possible to uniquely determine all angles.
  sample.rotate(
/Users/sfli/Research/IceNine/icenine_py/icenine/experiment_setup.py:293: UserWarning: Step size file reading not yet implemented: ConfigFiles/Optimization.2Det
  self.optimization_info = self._read_step_size_file(
/Users/sfli/Research/IceNine/icenine_py/icenine/experiment_setup.py:298: UserWarning: Step size file reading not yet implemented: ConfigFiles/Sensitivity.2Det
  self.detection_sensitivity = self._read_step_size_file(
/Users/sfli/Research/IceNine/icenine_py/icenine/experiment_setup.py:303: UserWarning: Step size file reading not yet implemented: ConfigFiles/Constrain.2L
  self.optimization_constrains = self._read_step_size_file(
/Users/sfli/Research/IceNine/icenine_py/icenine/experiment_setup.py:502: UserWarning: Gimbal lock detected. Setting third angle to zero since it is not possible to uniquely determine all angles.
  sample.rotate(
/Users/sfli/Research/IceNine/icenine_py/icenine/experiment_setup.py:293: UserWarning: Step size file reading not yet implemented: ConfigFiles/Optimization.2Det
  self.optimization_info = self._read_step_size_file(
/Users/sfli/Research/IceNine/icenine_py/icenine/experiment_setup.py:298: UserWarning: Step size file reading not yet implemented: ConfigFiles/Sensitivity.2Det
  self.detection_sensitivity = self._read_step_size_file(
/Users/sfli/Research/IceNine/icenine_py/icenine/experiment_setup.py:303: UserWarning: Step size file reading not yet implemented: ConfigFiles/Constrain.2L
  self.optimization_constrains = self._read_step_size_file(
/Users/sfli/Research/IceNine/icenine_py/icenine/experiment_setup.py:502: UserWarning: Gimbal lock detected. Setting third angle to zero since it is not possible to uniquely determine all angles.
  sample.rotate(
/Users/sfli/Research/IceNine/icenine_py/icenine/experiment_setup.py:293: UserWarning: Step size file reading not yet implemented: ConfigFiles/Optimization.2Det
  self.optimization_info = self._read_step_size_file(
/Users/sfli/Research/IceNine/icenine_py/icenine/experiment_setup.py:298: UserWarning: Step size file reading not yet implemented: ConfigFiles/Sensitivity.2Det
  self.detection_sensitivity = self._read_step_size_file(
/Users/sfli/Research/IceNine/icenine_py/icenine/experiment_setup.py:303: UserWarning: Step size file reading not yet implemented: ConfigFiles/Constrain.2L
  self.optimization_constrains = self._read_step_size_file(
/Users/sfli/Research/IceNine/icenine_py/icenine/experiment_setup.py:502: UserWarning: Gimbal lock detected. Setting third angle to zero since it is not possible to uniquely determine all angles.
  sample.rotate(
/Users/sfli/Research/IceNine/icenine_py/icenine/experiment_setup.py:293: UserWarning: Step size file reading not yet implemented: ConfigFiles/Optimization.2Det
  self.optimization_info = self._read_step_size_file(
/Users/sfli/Research/IceNine/icenine_py/icenine/experiment_setup.py:298: UserWarning: Step size file reading not yet implemented: ConfigFiles/Sensitivity.2Det
  self.detection_sensitivity = self._read_step_size_file(
/Users/sfli/Research/IceNine/icenine_py/icenine/experiment_setup.py:303: UserWarning: Step size file reading not yet implemented: ConfigFiles/Constrain.2L
  self.optimization_constrains = self._read_step_size_file(
/Users/sfli/Research/IceNine/icenine_py/icenine/experiment_setup.py:502: UserWarning: Gimbal lock detected. Setting third angle to zero since it is not possible to uniquely determine all angles.
  sample.rotate(
/Users/sfli/Research/IceNine/icenine_py/icenine/experiment_setup.py:293: UserWarning: Step size file reading not yet implemented: ConfigFiles/Optimization.2Det
  self.optimization_info = self._read_step_size_file(
/Users/sfli/Research/IceNine/icenine_py/icenine/experiment_setup.py:298: UserWarning: Step size file reading not yet implemented: ConfigFiles/Sensitivity.2Det
  self.detection_sensitivity = self._read_step_size_file(
/Users/sfli/Research/IceNine/icenine_py/icenine/experiment_setup.py:303: UserWarning: Step size file reading not yet implemented: ConfigFiles/Constrain.2L
  self.optimization_constrains = self._read_step_size_file(
/Users/sfli/Research/IceNine/icenine_py/icenine/experiment_setup.py:502: UserWarning: Gimbal lock detected. Setting third angle to zero since it is not possible to uniquely determine all angles.
  sample.rotate(
/Users/sfli/Research/IceNine/icenine_py/icenine/experiment_setup.py:293: UserWarning: Step size file reading not yet implemented: ConfigFiles/Optimization.2Det
  self.optimization_info = self._read_step_size_file(
/Users/sfli/Research/IceNine/icenine_py/icenine/experiment_setup.py:298: UserWarning: Step size file reading not yet implemented: ConfigFiles/Sensitivity.2Det
  self.detection_sensitivity = self._read_step_size_file(
/Users/sfli/Research/IceNine/icenine_py/icenine/experiment_setup.py:303: UserWarning: Step size file reading not yet implemented: ConfigFiles/Constrain.2L
  self.optimization_constrains = self._read_step_size_file(
/Users/sfli/Research/IceNine/icenine_py/icenine/experiment_setup.py:502: UserWarning: Gimbal lock detected. Setting third angle to zero since it is not possible to uniquely determine all angles.
  sample.rotate(
/Users/sfli/Research/IceNine/icenine_py/icenine/experiment_setup.py:293: UserWarning: Step size file reading not yet implemented: ConfigFiles/Optimization.2Det
  self.optimization_info = self._read_step_size_file(
/Users/sfli/Research/IceNine/icenine_py/icenine/experiment_setup.py:298: UserWarning: Step size file reading not yet implemented: ConfigFiles/Sensitivity.2Det
  self.detection_sensitivity = self._read_step_size_file(
/Users/sfli/Research/IceNine/icenine_py/icenine/experiment_setup.py:303: UserWarning: Step size file reading not yet implemented: ConfigFiles/Constrain.2L
  self.optimization_constrains = self._read_step_size_file(
/Users/sfli/Research/IceNine/icenine_py/icenine/experiment_setup.py:502: UserWarning: Gimbal lock detected. Setting third angle to zero since it is not possible to uniquely determine all angles.
  sample.rotate(
/Users/sfli/Research/IceNine/icenine_py/icenine/experiment_setup.py:293: UserWarning: Step size file reading not yet implemented: ConfigFiles/Optimization.2Det
  self.optimization_info = self._read_step_size_file(
/Users/sfli/Research/IceNine/icenine_py/icenine/experiment_setup.py:298: UserWarning: Step size file reading not yet implemented: ConfigFiles/Sensitivity.2Det
  self.detection_sensitivity = self._read_step_size_file(
/Users/sfli/Research/IceNine/icenine_py/icenine/experiment_setup.py:303: UserWarning: Step size file reading not yet implemented: ConfigFiles/Constrain.2L
  self.optimization_constrains = self._read_step_size_file(
/Users/sfli/Research/IceNine/icenine_py/icenine/experiment_setup.py:502: UserWarning: Gimbal lock detected. Setting third angle to zero since it is not possible to uniquely determine all angles.
  sample.rotate(
/Users/sfli/Research/IceNine/icenine_py/icenine/experiment_setup.py:293: UserWarning: Step size file reading not yet implemented: ConfigFiles/Optimization.2Det
  self.optimization_info = self._read_step_size_file(
/Users/sfli/Research/IceNine/icenine_py/icenine/experiment_setup.py:298: UserWarning: Step size file reading not yet implemented: ConfigFiles/Sensitivity.2Det
  self.detection_sensitivity = self._read_step_size_file(
/Users/sfli/Research/IceNine/icenine_py/icenine/experiment_setup.py:303: UserWarning: Step size file reading not yet implemented: ConfigFiles/Constrain.2L
  self.optimization_constrains = self._read_step_size_file(
/Users/sfli/Research/IceNine/icenine_py/icenine/experiment_setup.py:502: UserWarning: Gimbal lock detected. Setting third angle to zero since it is not possible to uniquely determine all angles.
  sample.rotate(
  [H3 1/20] voxel 7336 r#9 done in 54s (57s total)
  [H3 2/20] voxel 7336 r#4 done in 94s (97s total)
  [H3 3/20] voxel 7336 r#5 done in 97s (100s total)
  [H3 4/20] voxel 7336 r#8 done in 98s (100s total)
  [H3 5/20] voxel 7336 r#0 done in 99s (101s total)
  [H3 6/20] voxel 7336 r#2 done in 101s (103s total)
  [H3 7/20] voxel 7336 r#6 done in 102s (105s total)
  [H3 8/20] voxel 7336 r#3 done in 103s (106s total)
  [H3 9/20] voxel 7336 r#7 done in 108s (111s total)
  [H3 10/20] voxel 7336 r#1 done in 110s (112s total)
  [H3 11/20] voxel 3108 r#0 done in 113s (170s total)
  [H3 12/20] voxel 3108 r#9 done in 72s (184s total)
  [H3 13/20] voxel 3108 r#1 done in 99s (196s total)
  [H3 14/20] voxel 3108 r#2 done in 96s (196s total)
  [H3 15/20] voxel 3108 r#4 done in 97s (198s total)
  [H3 16/20] voxel 3108 r#5 done in 98s (201s total)
  [H3 17/20] voxel 3108 r#3 done in 105s (205s total)
  [H3 18/20] voxel 3108 r#7 done in 100s (206s total)
  [H3 19/20] voxel 3108 r#8 done in 99s (210s total)
  [H3 20/20] voxel 3108 r#6 done in 105s (210s total)
Loaded crystal structure from DataFiles/copper.dat: CrystalStructure(Cu, a=3.6100Å, SG=225)
Max Q calculated: 24.7872 Å⁻¹
Loaded crystal structure from DataFiles/copper.dat: CrystalStructure(Cu, a=3.6100Å, SG=225)
Max Q calculated: 24.7872 Å⁻¹
Loaded crystal structure from DataFiles/copper.dat: CrystalStructure(Cu, a=3.6100Å, SG=225)
Max Q calculated: 24.7872 Å⁻¹
Loaded crystal structure from DataFiles/copper.dat: CrystalStructure(Cu, a=3.6100Å, SG=225)
Max Q calculated: 24.7872 Å⁻¹
Loaded crystal structure from DataFiles/copper.dat: CrystalStructure(Cu, a=3.6100Å, SG=225)
Max Q calculated: 24.7872 Å⁻¹
Loaded crystal structure from DataFiles/copper.dat: CrystalStructure(Cu, a=3.6100Å, SG=225)
Max Q calculated: 24.7872 Å⁻¹
Loaded crystal structure from DataFiles/copper.dat: CrystalStructure(Cu, a=3.6100Å, SG=225)
Max Q calculated: 24.7872 Å⁻¹
Loaded crystal structure from DataFiles/copper.dat: CrystalStructure(Cu, a=3.6100Å, SG=225)
Max Q calculated: 24.7872 Å⁻¹
Loaded crystal structure from DataFiles/copper.dat: CrystalStructure(Cu, a=3.6100Å, SG=225)
Max Q calculated: 24.7872 Å⁻¹
Loaded crystal structure from DataFiles/copper.dat: CrystalStructure(Cu, a=3.6100Å, SG=225)
Max Q calculated: 24.7872 Å⁻¹
H3 finished; wall 210s
saved /Users/sfli/Research/IceNine/icenine_py/benchmarks/nn_hybrid/pilot/H3_realistic_s0_raw.npz
H3c/realistic_s0: 20 tasks (0 cached), 10 workers
/Users/sfli/Research/IceNine/icenine_py/icenine/experiment_setup.py:293: UserWarning: Step size file reading not yet implemented: ConfigFiles/Optimization.2Det
  self.optimization_info = self._read_step_size_file(
/Users/sfli/Research/IceNine/icenine_py/icenine/experiment_setup.py:298: UserWarning: Step size file reading not yet implemented: ConfigFiles/Sensitivity.2Det
  self.detection_sensitivity = self._read_step_size_file(
/Users/sfli/Research/IceNine/icenine_py/icenine/experiment_setup.py:303: UserWarning: Step size file reading not yet implemented: ConfigFiles/Constrain.2L
  self.optimization_constrains = self._read_step_size_file(
/Users/sfli/Research/IceNine/icenine_py/icenine/experiment_setup.py:502: UserWarning: Gimbal lock detected. Setting third angle to zero since it is not possible to uniquely determine all angles.
  sample.rotate(
/Users/sfli/Research/IceNine/icenine_py/icenine/experiment_setup.py:293: UserWarning: Step size file reading not yet implemented: ConfigFiles/Optimization.2Det
  self.optimization_info = self._read_step_size_file(
/Users/sfli/Research/IceNine/icenine_py/icenine/experiment_setup.py:298: UserWarning: Step size file reading not yet implemented: ConfigFiles/Sensitivity.2Det
  self.detection_sensitivity = self._read_step_size_file(
/Users/sfli/Research/IceNine/icenine_py/icenine/experiment_setup.py:303: UserWarning: Step size file reading not yet implemented: ConfigFiles/Constrain.2L
  self.optimization_constrains = self._read_step_size_file(
/Users/sfli/Research/IceNine/icenine_py/icenine/experiment_setup.py:502: UserWarning: Gimbal lock detected. Setting third angle to zero since it is not possible to uniquely determine all angles.
  sample.rotate(
/Users/sfli/Research/IceNine/icenine_py/icenine/experiment_setup.py:293: UserWarning: Step size file reading not yet implemented: ConfigFiles/Optimization.2Det
  self.optimization_info = self._read_step_size_file(
/Users/sfli/Research/IceNine/icenine_py/icenine/experiment_setup.py:298: UserWarning: Step size file reading not yet implemented: ConfigFiles/Sensitivity.2Det
  self.detection_sensitivity = self._read_step_size_file(
/Users/sfli/Research/IceNine/icenine_py/icenine/experiment_setup.py:303: UserWarning: Step size file reading not yet implemented: ConfigFiles/Constrain.2L
  self.optimization_constrains = self._read_step_size_file(
/Users/sfli/Research/IceNine/icenine_py/icenine/experiment_setup.py:502: UserWarning: Gimbal lock detected. Setting third angle to zero since it is not possible to uniquely determine all angles.
  sample.rotate(
/Users/sfli/Research/IceNine/icenine_py/icenine/experiment_setup.py:293: UserWarning: Step size file reading not yet implemented: ConfigFiles/Optimization.2Det
  self.optimization_info = self._read_step_size_file(
/Users/sfli/Research/IceNine/icenine_py/icenine/experiment_setup.py:298: UserWarning: Step size file reading not yet implemented: ConfigFiles/Sensitivity.2Det
  self.detection_sensitivity = self._read_step_size_file(
/Users/sfli/Research/IceNine/icenine_py/icenine/experiment_setup.py:303: UserWarning: Step size file reading not yet implemented: ConfigFiles/Constrain.2L
  self.optimization_constrains = self._read_step_size_file(
/Users/sfli/Research/IceNine/icenine_py/icenine/experiment_setup.py:502: UserWarning: Gimbal lock detected. Setting third angle to zero since it is not possible to uniquely determine all angles.
  sample.rotate(
/Users/sfli/Research/IceNine/icenine_py/icenine/experiment_setup.py:293: UserWarning: Step size file reading not yet implemented: ConfigFiles/Optimization.2Det
  self.optimization_info = self._read_step_size_file(
/Users/sfli/Research/IceNine/icenine_py/icenine/experiment_setup.py:298: UserWarning: Step size file reading not yet implemented: ConfigFiles/Sensitivity.2Det
  self.detection_sensitivity = self._read_step_size_file(
/Users/sfli/Research/IceNine/icenine_py/icenine/experiment_setup.py:303: UserWarning: Step size file reading not yet implemented: ConfigFiles/Constrain.2L
  self.optimization_constrains = self._read_step_size_file(
/Users/sfli/Research/IceNine/icenine_py/icenine/experiment_setup.py:502: UserWarning: Gimbal lock detected. Setting third angle to zero since it is not possible to uniquely determine all angles.
  sample.rotate(
/Users/sfli/Research/IceNine/icenine_py/icenine/experiment_setup.py:293: UserWarning: Step size file reading not yet implemented: ConfigFiles/Optimization.2Det
  self.optimization_info = self._read_step_size_file(
/Users/sfli/Research/IceNine/icenine_py/icenine/experiment_setup.py:298: UserWarning: Step size file reading not yet implemented: ConfigFiles/Sensitivity.2Det
  self.detection_sensitivity = self._read_step_size_file(
/Users/sfli/Research/IceNine/icenine_py/icenine/experiment_setup.py:303: UserWarning: Step size file reading not yet implemented: ConfigFiles/Constrain.2L
  self.optimization_constrains = self._read_step_size_file(
/Users/sfli/Research/IceNine/icenine_py/icenine/experiment_setup.py:502: UserWarning: Gimbal lock detected. Setting third angle to zero since it is not possible to uniquely determine all angles.
  sample.rotate(
/Users/sfli/Research/IceNine/icenine_py/icenine/experiment_setup.py:293: UserWarning: Step size file reading not yet implemented: ConfigFiles/Optimization.2Det
  self.optimization_info = self._read_step_size_file(
/Users/sfli/Research/IceNine/icenine_py/icenine/experiment_setup.py:298: UserWarning: Step size file reading not yet implemented: ConfigFiles/Sensitivity.2Det
  self.detection_sensitivity = self._read_step_size_file(
/Users/sfli/Research/IceNine/icenine_py/icenine/experiment_setup.py:303: UserWarning: Step size file reading not yet implemented: ConfigFiles/Constrain.2L
  self.optimization_constrains = self._read_step_size_file(
/Users/sfli/Research/IceNine/icenine_py/icenine/experiment_setup.py:502: UserWarning: Gimbal lock detected. Setting third angle to zero since it is not possible to uniquely determine all angles.
  sample.rotate(
/Users/sfli/Research/IceNine/icenine_py/icenine/experiment_setup.py:293: UserWarning: Step size file reading not yet implemented: ConfigFiles/Optimization.2Det
  self.optimization_info = self._read_step_size_file(
/Users/sfli/Research/IceNine/icenine_py/icenine/experiment_setup.py:298: UserWarning: Step size file reading not yet implemented: ConfigFiles/Sensitivity.2Det
  self.detection_sensitivity = self._read_step_size_file(
/Users/sfli/Research/IceNine/icenine_py/icenine/experiment_setup.py:303: UserWarning: Step size file reading not yet implemented: ConfigFiles/Constrain.2L
  self.optimization_constrains = self._read_step_size_file(
/Users/sfli/Research/IceNine/icenine_py/icenine/experiment_setup.py:502: UserWarning: Gimbal lock detected. Setting third angle to zero since it is not possible to uniquely determine all angles.
  sample.rotate(
/Users/sfli/Research/IceNine/icenine_py/icenine/experiment_setup.py:293: UserWarning: Step size file reading not yet implemented: ConfigFiles/Optimization.2Det
  self.optimization_info = self._read_step_size_file(
/Users/sfli/Research/IceNine/icenine_py/icenine/experiment_setup.py:298: UserWarning: Step size file reading not yet implemented: ConfigFiles/Sensitivity.2Det
  self.detection_sensitivity = self._read_step_size_file(
/Users/sfli/Research/IceNine/icenine_py/icenine/experiment_setup.py:303: UserWarning: Step size file reading not yet implemented: ConfigFiles/Constrain.2L
  self.optimization_constrains = self._read_step_size_file(
/Users/sfli/Research/IceNine/icenine_py/icenine/experiment_setup.py:502: UserWarning: Gimbal lock detected. Setting third angle to zero since it is not possible to uniquely determine all angles.
  sample.rotate(
/Users/sfli/Research/IceNine/icenine_py/icenine/experiment_setup.py:293: UserWarning: Step size file reading not yet implemented: ConfigFiles/Optimization.2Det
  self.optimization_info = self._read_step_size_file(
/Users/sfli/Research/IceNine/icenine_py/icenine/experiment_setup.py:298: UserWarning: Step size file reading not yet implemented: ConfigFiles/Sensitivity.2Det
  self.detection_sensitivity = self._read_step_size_file(
/Users/sfli/Research/IceNine/icenine_py/icenine/experiment_setup.py:303: UserWarning: Step size file reading not yet implemented: ConfigFiles/Constrain.2L
  self.optimization_constrains = self._read_step_size_file(
/Users/sfli/Research/IceNine/icenine_py/icenine/experiment_setup.py:502: UserWarning: Gimbal lock detected. Setting third angle to zero since it is not possible to uniquely determine all angles.
  sample.rotate(
  [H3c 1/20] voxel 7336 r#0 done in 11s (13s total)
  [H3c 2/20] voxel 7336 r#5 done in 13s (16s total)
  [H3c 3/20] voxel 7336 r#8 done in 14s (17s total)
  [H3c 4/20] voxel 7336 r#2 done in 15s (18s total)
  [H3c 5/20] voxel 7336 r#1 done in 15s (18s total)
  [H3c 6/20] voxel 7336 r#9 done in 16s (18s total)
  [H3c 7/20] voxel 7336 r#6 done in 16s (19s total)
  [H3c 8/20] voxel 7336 r#3 done in 16s (19s total)
  [H3c 9/20] voxel 7336 r#4 done in 18s (21s total)
  [H3c 10/20] voxel 7336 r#7 done in 20s (22s total)
  [H3c 11/20] voxel 3108 r#0 done in 17s (30s total)
  [H3c 12/20] voxel 3108 r#4 done in 13s (31s total)
  [H3c 13/20] voxel 3108 r#1 done in 16s (31s total)
  [H3c 14/20] voxel 3108 r#5 done in 13s (32s total)
  [H3c 15/20] voxel 3108 r#7 done in 14s (33s total)
  [H3c 16/20] voxel 3108 r#8 done in 12s (33s total)
  [H3c 17/20] voxel 3108 r#3 done in 16s (34s total)
  [H3c 18/20] voxel 3108 r#2 done in 19s (36s total)
  [H3c 19/20] voxel 3108 r#9 done in 15s (37s total)
  [H3c 20/20] voxel 3108 r#6 done in 19s (38s total)
Loaded crystal structure from DataFiles/copper.dat: CrystalStructure(Cu, a=3.6100Å, SG=225)
Max Q calculated: 24.7872 Å⁻¹
Loaded crystal structure from DataFiles/copper.dat: CrystalStructure(Cu, a=3.6100Å, SG=225)
Max Q calculated: 24.7872 Å⁻¹
Loaded crystal structure from DataFiles/copper.dat: CrystalStructure(Cu, a=3.6100Å, SG=225)
Max Q calculated: 24.7872 Å⁻¹
Loaded crystal structure from DataFiles/copper.dat: CrystalStructure(Cu, a=3.6100Å, SG=225)
Max Q calculated: 24.7872 Å⁻¹
Loaded crystal structure from DataFiles/copper.dat: CrystalStructure(Cu, a=3.6100Å, SG=225)
Max Q calculated: 24.7872 Å⁻¹
Loaded crystal structure from DataFiles/copper.dat: CrystalStructure(Cu, a=3.6100Å, SG=225)
Max Q calculated: 24.7872 Å⁻¹
Loaded crystal structure from DataFiles/copper.dat: CrystalStructure(Cu, a=3.6100Å, SG=225)
Max Q calculated: 24.7872 Å⁻¹
Loaded crystal structure from DataFiles/copper.dat: CrystalStructure(Cu, a=3.6100Å, SG=225)
Max Q calculated: 24.7872 Å⁻¹
Loaded crystal structure from DataFiles/copper.dat: CrystalStructure(Cu, a=3.6100Å, SG=225)
Max Q calculated: 24.7872 Å⁻¹
Loaded crystal structure from DataFiles/copper.dat: CrystalStructure(Cu, a=3.6100Å, SG=225)
Max Q calculated: 24.7872 Å⁻¹
H3c finished; wall 38s
saved /Users/sfli/Research/IceNine/icenine_py/benchmarks/nn_hybrid/pilot/H3c_realistic_s0_raw.npz
H3m/realistic_s0: 20 tasks (0 cached), 10 workers
/Users/sfli/Research/IceNine/icenine_py/icenine/experiment_setup.py:293: UserWarning: Step size file reading not yet implemented: ConfigFiles/Optimization.2Det
  self.optimization_info = self._read_step_size_file(
/Users/sfli/Research/IceNine/icenine_py/icenine/experiment_setup.py:298: UserWarning: Step size file reading not yet implemented: ConfigFiles/Sensitivity.2Det
  self.detection_sensitivity = self._read_step_size_file(
/Users/sfli/Research/IceNine/icenine_py/icenine/experiment_setup.py:303: UserWarning: Step size file reading not yet implemented: ConfigFiles/Constrain.2L
  self.optimization_constrains = self._read_step_size_file(
/Users/sfli/Research/IceNine/icenine_py/icenine/experiment_setup.py:502: UserWarning: Gimbal lock detected. Setting third angle to zero since it is not possible to uniquely determine all angles.
  sample.rotate(
/Users/sfli/Research/IceNine/icenine_py/icenine/experiment_setup.py:293: UserWarning: Step size file reading not yet implemented: ConfigFiles/Optimization.2Det
  self.optimization_info = self._read_step_size_file(
/Users/sfli/Research/IceNine/icenine_py/icenine/experiment_setup.py:298: UserWarning: Step size file reading not yet implemented: ConfigFiles/Sensitivity.2Det
  self.detection_sensitivity = self._read_step_size_file(
/Users/sfli/Research/IceNine/icenine_py/icenine/experiment_setup.py:303: UserWarning: Step size file reading not yet implemented: ConfigFiles/Constrain.2L
  self.optimization_constrains = self._read_step_size_file(
/Users/sfli/Research/IceNine/icenine_py/icenine/experiment_setup.py:502: UserWarning: Gimbal lock detected. Setting third angle to zero since it is not possible to uniquely determine all angles.
  sample.rotate(
/Users/sfli/Research/IceNine/icenine_py/icenine/experiment_setup.py:293: UserWarning: Step size file reading not yet implemented: ConfigFiles/Optimization.2Det
  self.optimization_info = self._read_step_size_file(
/Users/sfli/Research/IceNine/icenine_py/icenine/experiment_setup.py:298: UserWarning: Step size file reading not yet implemented: ConfigFiles/Sensitivity.2Det
  self.detection_sensitivity = self._read_step_size_file(
/Users/sfli/Research/IceNine/icenine_py/icenine/experiment_setup.py:303: UserWarning: Step size file reading not yet implemented: ConfigFiles/Constrain.2L
  self.optimization_constrains = self._read_step_size_file(
/Users/sfli/Research/IceNine/icenine_py/icenine/experiment_setup.py:502: UserWarning: Gimbal lock detected. Setting third angle to zero since it is not possible to uniquely determine all angles.
  sample.rotate(
/Users/sfli/Research/IceNine/icenine_py/icenine/experiment_setup.py:293: UserWarning: Step size file reading not yet implemented: ConfigFiles/Optimization.2Det
  self.optimization_info = self._read_step_size_file(
/Users/sfli/Research/IceNine/icenine_py/icenine/experiment_setup.py:298: UserWarning: Step size file reading not yet implemented: ConfigFiles/Sensitivity.2Det
  self.detection_sensitivity = self._read_step_size_file(
/Users/sfli/Research/IceNine/icenine_py/icenine/experiment_setup.py:303: UserWarning: Step size file reading not yet implemented: ConfigFiles/Constrain.2L
  self.optimization_constrains = self._read_step_size_file(
/Users/sfli/Research/IceNine/icenine_py/icenine/experiment_setup.py:502: UserWarning: Gimbal lock detected. Setting third angle to zero since it is not possible to uniquely determine all angles.
  sample.rotate(
/Users/sfli/Research/IceNine/icenine_py/icenine/experiment_setup.py:293: UserWarning: Step size file reading not yet implemented: ConfigFiles/Optimization.2Det
  self.optimization_info = self._read_step_size_file(
/Users/sfli/Research/IceNine/icenine_py/icenine/experiment_setup.py:298: UserWarning: Step size file reading not yet implemented: ConfigFiles/Sensitivity.2Det
  self.detection_sensitivity = self._read_step_size_file(
/Users/sfli/Research/IceNine/icenine_py/icenine/experiment_setup.py:303: UserWarning: Step size file reading not yet implemented: ConfigFiles/Constrain.2L
  self.optimization_constrains = self._read_step_size_file(
/Users/sfli/Research/IceNine/icenine_py/icenine/experiment_setup.py:502: UserWarning: Gimbal lock detected. Setting third angle to zero since it is not possible to uniquely determine all angles.
  sample.rotate(
/Users/sfli/Research/IceNine/icenine_py/icenine/experiment_setup.py:293: UserWarning: Step size file reading not yet implemented: ConfigFiles/Optimization.2Det
  self.optimization_info = self._read_step_size_file(
/Users/sfli/Research/IceNine/icenine_py/icenine/experiment_setup.py:298: UserWarning: Step size file reading not yet implemented: ConfigFiles/Sensitivity.2Det
  self.detection_sensitivity = self._read_step_size_file(
/Users/sfli/Research/IceNine/icenine_py/icenine/experiment_setup.py:303: UserWarning: Step size file reading not yet implemented: ConfigFiles/Constrain.2L
  self.optimization_constrains = self._read_step_size_file(
/Users/sfli/Research/IceNine/icenine_py/icenine/experiment_setup.py:502: UserWarning: Gimbal lock detected. Setting third angle to zero since it is not possible to uniquely determine all angles.
  sample.rotate(
/Users/sfli/Research/IceNine/icenine_py/icenine/experiment_setup.py:293: UserWarning: Step size file reading not yet implemented: ConfigFiles/Optimization.2Det
  self.optimization_info = self._read_step_size_file(
/Users/sfli/Research/IceNine/icenine_py/icenine/experiment_setup.py:298: UserWarning: Step size file reading not yet implemented: ConfigFiles/Sensitivity.2Det
  self.detection_sensitivity = self._read_step_size_file(
/Users/sfli/Research/IceNine/icenine_py/icenine/experiment_setup.py:303: UserWarning: Step size file reading not yet implemented: ConfigFiles/Constrain.2L
  self.optimization_constrains = self._read_step_size_file(
/Users/sfli/Research/IceNine/icenine_py/icenine/experiment_setup.py:502: UserWarning: Gimbal lock detected. Setting third angle to zero since it is not possible to uniquely determine all angles.
  sample.rotate(
/Users/sfli/Research/IceNine/icenine_py/icenine/experiment_setup.py:293: UserWarning: Step size file reading not yet implemented: ConfigFiles/Optimization.2Det
  self.optimization_info = self._read_step_size_file(
/Users/sfli/Research/IceNine/icenine_py/icenine/experiment_setup.py:298: UserWarning: Step size file reading not yet implemented: ConfigFiles/Sensitivity.2Det
  self.detection_sensitivity = self._read_step_size_file(
/Users/sfli/Research/IceNine/icenine_py/icenine/experiment_setup.py:303: UserWarning: Step size file reading not yet implemented: ConfigFiles/Constrain.2L
  self.optimization_constrains = self._read_step_size_file(
/Users/sfli/Research/IceNine/icenine_py/icenine/experiment_setup.py:502: UserWarning: Gimbal lock detected. Setting third angle to zero since it is not possible to uniquely determine all angles.
  sample.rotate(
/Users/sfli/Research/IceNine/icenine_py/icenine/experiment_setup.py:293: UserWarning: Step size file reading not yet implemented: ConfigFiles/Optimization.2Det
  self.optimization_info = self._read_step_size_file(
/Users/sfli/Research/IceNine/icenine_py/icenine/experiment_setup.py:298: UserWarning: Step size file reading not yet implemented: ConfigFiles/Sensitivity.2Det
  self.detection_sensitivity = self._read_step_size_file(
/Users/sfli/Research/IceNine/icenine_py/icenine/experiment_setup.py:303: UserWarning: Step size file reading not yet implemented: ConfigFiles/Constrain.2L
  self.optimization_constrains = self._read_step_size_file(
/Users/sfli/Research/IceNine/icenine_py/icenine/experiment_setup.py:502: UserWarning: Gimbal lock detected. Setting third angle to zero since it is not possible to uniquely determine all angles.
  sample.rotate(
/Users/sfli/Research/IceNine/icenine_py/icenine/experiment_setup.py:293: UserWarning: Step size file reading not yet implemented: ConfigFiles/Optimization.2Det
  self.optimization_info = self._read_step_size_file(
/Users/sfli/Research/IceNine/icenine_py/icenine/experiment_setup.py:298: UserWarning: Step size file reading not yet implemented: ConfigFiles/Sensitivity.2Det
  self.detection_sensitivity = self._read_step_size_file(
/Users/sfli/Research/IceNine/icenine_py/icenine/experiment_setup.py:303: UserWarning: Step size file reading not yet implemented: ConfigFiles/Constrain.2L
  self.optimization_constrains = self._read_step_size_file(
/Users/sfli/Research/IceNine/icenine_py/icenine/experiment_setup.py:502: UserWarning: Gimbal lock detected. Setting third angle to zero since it is not possible to uniquely determine all angles.
  sample.rotate(
  [H3m 1/20] voxel 7336 r#0 done in 37s (40s total)
  [H3m 2/20] voxel 7336 r#1 done in 38s (40s total)
  [H3m 3/20] voxel 7336 r#3 done in 42s (45s total)
  [H3m 4/20] voxel 7336 r#5 done in 44s (47s total)
  [H3m 5/20] voxel 7336 r#6 done in 46s (48s total)
  [H3m 6/20] voxel 7336 r#2 done in 47s (50s total)
  [H3m 7/20] voxel 7336 r#4 done in 48s (51s total)
  [H3m 8/20] voxel 7336 r#8 done in 50s (52s total)
  [H3m 9/20] voxel 7336 r#7 done in 50s (52s total)
  [H3m 10/20] voxel 7336 r#9 done in 52s (55s total)
  [H3m 11/20] voxel 3108 r#0 done in 43s (82s total)
  [H3m 12/20] voxel 3108 r#1 done in 43s (83s total)
  [H3m 13/20] voxel 3108 r#3 done in 42s (89s total)
  [H3m 14/20] voxel 3108 r#2 done in 44s (89s total)
  [H3m 15/20] voxel 3108 r#5 done in 42s (92s total)
  [H3m 16/20] voxel 3108 r#4 done in 45s (94s total)
  [H3m 17/20] voxel 3108 r#7 done in 45s (97s total)
  [H3m 18/20] voxel 3108 r#8 done in 46s (99s total)
  [H3m 19/20] voxel 3108 r#9 done in 44s (99s total)
  [H3m 20/20] voxel 3108 r#6 done in 55s (105s total)
Loaded crystal structure from DataFiles/copper.dat: CrystalStructure(Cu, a=3.6100Å, SG=225)
Max Q calculated: 24.7872 Å⁻¹
Loaded crystal structure from DataFiles/copper.dat: CrystalStructure(Cu, a=3.6100Å, SG=225)
Max Q calculated: 24.7872 Å⁻¹
Loaded crystal structure from DataFiles/copper.dat: CrystalStructure(Cu, a=3.6100Å, SG=225)
Max Q calculated: 24.7872 Å⁻¹
Loaded crystal structure from DataFiles/copper.dat: CrystalStructure(Cu, a=3.6100Å, SG=225)
Max Q calculated: 24.7872 Å⁻¹
Loaded crystal structure from DataFiles/copper.dat: CrystalStructure(Cu, a=3.6100Å, SG=225)
Max Q calculated: 24.7872 Å⁻¹
Loaded crystal structure from DataFiles/copper.dat: CrystalStructure(Cu, a=3.6100Å, SG=225)
Max Q calculated: 24.7872 Å⁻¹
Loaded crystal structure from DataFiles/copper.dat: CrystalStructure(Cu, a=3.6100Å, SG=225)
Max Q calculated: 24.7872 Å⁻¹
Loaded crystal structure from DataFiles/copper.dat: CrystalStructure(Cu, a=3.6100Å, SG=225)
Max Q calculated: 24.7872 Å⁻¹
Loaded crystal structure from DataFiles/copper.dat: CrystalStructure(Cu, a=3.6100Å, SG=225)
Max Q calculated: 24.7872 Å⁻¹
Loaded crystal structure from DataFiles/copper.dat: CrystalStructure(Cu, a=3.6100Å, SG=225)
Max Q calculated: 24.7872 Å⁻¹
H3m finished; wall 105s
saved /Users/sfli/Research/IceNine/icenine_py/benchmarks/nn_hybrid/pilot/H3m_realistic_s0_raw.npz
HG/realistic_s0: 8 tasks (0 cached), 10 workers
/Users/sfli/Research/IceNine/icenine_py/icenine/experiment_setup.py:293: UserWarning: Step size file reading not yet implemented: ConfigFiles/Optimization.2Det
  self.optimization_info = self._read_step_size_file(
/Users/sfli/Research/IceNine/icenine_py/icenine/experiment_setup.py:298: UserWarning: Step size file reading not yet implemented: ConfigFiles/Sensitivity.2Det
  self.detection_sensitivity = self._read_step_size_file(
/Users/sfli/Research/IceNine/icenine_py/icenine/experiment_setup.py:303: UserWarning: Step size file reading not yet implemented: ConfigFiles/Constrain.2L
  self.optimization_constrains = self._read_step_size_file(
/Users/sfli/Research/IceNine/icenine_py/icenine/experiment_setup.py:502: UserWarning: Gimbal lock detected. Setting third angle to zero since it is not possible to uniquely determine all angles.
  sample.rotate(
/Users/sfli/Research/IceNine/icenine_py/icenine/experiment_setup.py:293: UserWarning: Step size file reading not yet implemented: ConfigFiles/Optimization.2Det
  self.optimization_info = self._read_step_size_file(
/Users/sfli/Research/IceNine/icenine_py/icenine/experiment_setup.py:298: UserWarning: Step size file reading not yet implemented: ConfigFiles/Sensitivity.2Det
  self.detection_sensitivity = self._read_step_size_file(
/Users/sfli/Research/IceNine/icenine_py/icenine/experiment_setup.py:303: UserWarning: Step size file reading not yet implemented: ConfigFiles/Constrain.2L
  self.optimization_constrains = self._read_step_size_file(
/Users/sfli/Research/IceNine/icenine_py/icenine/experiment_setup.py:502: UserWarning: Gimbal lock detected. Setting third angle to zero since it is not possible to uniquely determine all angles.
  sample.rotate(
/Users/sfli/Research/IceNine/icenine_py/icenine/experiment_setup.py:293: UserWarning: Step size file reading not yet implemented: ConfigFiles/Optimization.2Det
  self.optimization_info = self._read_step_size_file(
/Users/sfli/Research/IceNine/icenine_py/icenine/experiment_setup.py:298: UserWarning: Step size file reading not yet implemented: ConfigFiles/Sensitivity.2Det
  self.detection_sensitivity = self._read_step_size_file(
/Users/sfli/Research/IceNine/icenine_py/icenine/experiment_setup.py:303: UserWarning: Step size file reading not yet implemented: ConfigFiles/Constrain.2L
  self.optimization_constrains = self._read_step_size_file(
/Users/sfli/Research/IceNine/icenine_py/icenine/experiment_setup.py:502: UserWarning: Gimbal lock detected. Setting third angle to zero since it is not possible to uniquely determine all angles.
  sample.rotate(
/Users/sfli/Research/IceNine/icenine_py/icenine/experiment_setup.py:293: UserWarning: Step size file reading not yet implemented: ConfigFiles/Optimization.2Det
  self.optimization_info = self._read_step_size_file(
/Users/sfli/Research/IceNine/icenine_py/icenine/experiment_setup.py:298: UserWarning: Step size file reading not yet implemented: ConfigFiles/Sensitivity.2Det
  self.detection_sensitivity = self._read_step_size_file(
/Users/sfli/Research/IceNine/icenine_py/icenine/experiment_setup.py:303: UserWarning: Step size file reading not yet implemented: ConfigFiles/Constrain.2L
  self.optimization_constrains = self._read_step_size_file(
/Users/sfli/Research/IceNine/icenine_py/icenine/experiment_setup.py:502: UserWarning: Gimbal lock detected. Setting third angle to zero since it is not possible to uniquely determine all angles.
  sample.rotate(
/Users/sfli/Research/IceNine/icenine_py/icenine/experiment_setup.py:293: UserWarning: Step size file reading not yet implemented: ConfigFiles/Optimization.2Det
  self.optimization_info = self._read_step_size_file(
/Users/sfli/Research/IceNine/icenine_py/icenine/experiment_setup.py:298: UserWarning: Step size file reading not yet implemented: ConfigFiles/Sensitivity.2Det
  self.detection_sensitivity = self._read_step_size_file(
/Users/sfli/Research/IceNine/icenine_py/icenine/experiment_setup.py:303: UserWarning: Step size file reading not yet implemented: ConfigFiles/Constrain.2L
  self.optimization_constrains = self._read_step_size_file(
/Users/sfli/Research/IceNine/icenine_py/icenine/experiment_setup.py:502: UserWarning: Gimbal lock detected. Setting third angle to zero since it is not possible to uniquely determine all angles.
  sample.rotate(
/Users/sfli/Research/IceNine/icenine_py/icenine/experiment_setup.py:293: UserWarning: Step size file reading not yet implemented: ConfigFiles/Optimization.2Det
  self.optimization_info = self._read_step_size_file(
/Users/sfli/Research/IceNine/icenine_py/icenine/experiment_setup.py:298: UserWarning: Step size file reading not yet implemented: ConfigFiles/Sensitivity.2Det
  self.detection_sensitivity = self._read_step_size_file(
/Users/sfli/Research/IceNine/icenine_py/icenine/experiment_setup.py:303: UserWarning: Step size file reading not yet implemented: ConfigFiles/Constrain.2L
  self.optimization_constrains = self._read_step_size_file(
/Users/sfli/Research/IceNine/icenine_py/icenine/experiment_setup.py:502: UserWarning: Gimbal lock detected. Setting third angle to zero since it is not possible to uniquely determine all angles.
  sample.rotate(
/Users/sfli/Research/IceNine/icenine_py/icenine/experiment_setup.py:293: UserWarning: Step size file reading not yet implemented: ConfigFiles/Optimization.2Det
  self.optimization_info = self._read_step_size_file(
/Users/sfli/Research/IceNine/icenine_py/icenine/experiment_setup.py:298: UserWarning: Step size file reading not yet implemented: ConfigFiles/Sensitivity.2Det
  self.detection_sensitivity = self._read_step_size_file(
/Users/sfli/Research/IceNine/icenine_py/icenine/experiment_setup.py:303: UserWarning: Step size file reading not yet implemented: ConfigFiles/Constrain.2L
  self.optimization_constrains = self._read_step_size_file(
/Users/sfli/Research/IceNine/icenine_py/icenine/experiment_setup.py:502: UserWarning: Gimbal lock detected. Setting third angle to zero since it is not possible to uniquely determine all angles.
  sample.rotate(
/Users/sfli/Research/IceNine/icenine_py/icenine/experiment_setup.py:293: UserWarning: Step size file reading not yet implemented: ConfigFiles/Optimization.2Det
  self.optimization_info = self._read_step_size_file(
/Users/sfli/Research/IceNine/icenine_py/icenine/experiment_setup.py:298: UserWarning: Step size file reading not yet implemented: ConfigFiles/Sensitivity.2Det
  self.detection_sensitivity = self._read_step_size_file(
/Users/sfli/Research/IceNine/icenine_py/icenine/experiment_setup.py:303: UserWarning: Step size file reading not yet implemented: ConfigFiles/Constrain.2L
  self.optimization_constrains = self._read_step_size_file(
/Users/sfli/Research/IceNine/icenine_py/icenine/experiment_setup.py:502: UserWarning: Gimbal lock detected. Setting third angle to zero since it is not possible to uniquely determine all angles.
  sample.rotate(
/Users/sfli/Research/IceNine/icenine_py/icenine/experiment_setup.py:293: UserWarning: Step size file reading not yet implemented: ConfigFiles/Optimization.2Det
  self.optimization_info = self._read_step_size_file(
/Users/sfli/Research/IceNine/icenine_py/icenine/experiment_setup.py:298: UserWarning: Step size file reading not yet implemented: ConfigFiles/Sensitivity.2Det
  self.detection_sensitivity = self._read_step_size_file(
/Users/sfli/Research/IceNine/icenine_py/icenine/experiment_setup.py:303: UserWarning: Step size file reading not yet implemented: ConfigFiles/Constrain.2L
  self.optimization_constrains = self._read_step_size_file(
/Users/sfli/Research/IceNine/icenine_py/icenine/experiment_setup.py:502: UserWarning: Gimbal lock detected. Setting third angle to zero since it is not possible to uniquely determine all angles.
  sample.rotate(
/Users/sfli/Research/IceNine/icenine_py/icenine/experiment_setup.py:293: UserWarning: Step size file reading not yet implemented: ConfigFiles/Optimization.2Det
  self.optimization_info = self._read_step_size_file(
/Users/sfli/Research/IceNine/icenine_py/icenine/experiment_setup.py:298: UserWarning: Step size file reading not yet implemented: ConfigFiles/Sensitivity.2Det
  self.detection_sensitivity = self._read_step_size_file(
/Users/sfli/Research/IceNine/icenine_py/icenine/experiment_setup.py:303: UserWarning: Step size file reading not yet implemented: ConfigFiles/Constrain.2L
  self.optimization_constrains = self._read_step_size_file(
/Users/sfli/Research/IceNine/icenine_py/icenine/experiment_setup.py:502: UserWarning: Gimbal lock detected. Setting third angle to zero since it is not possible to uniquely determine all angles.
  sample.rotate(
  [HG 1/8] voxel 7336 r#9 done in 69s (71s total)
  [HG 2/8] voxel 3108 r#7 done in 97s (99s total)
  [HG 3/8] voxel 7336 r#7 done in 98s (101s total)
  [HG 4/8] voxel 7336 r#6 done in 99s (102s total)
  [HG 5/8] voxel 7336 r#8 done in 101s (104s total)
  [HG 6/8] voxel 3108 r#8 done in 104s (106s total)
  [HG 7/8] voxel 3108 r#6 done in 105s (108s total)
  [HG 8/8] voxel 3108 r#9 done in 112s (115s total)
Loaded crystal structure from DataFiles/copper.dat: CrystalStructure(Cu, a=3.6100Å, SG=225)
Max Q calculated: 24.7872 Å⁻¹
Loaded crystal structure from DataFiles/copper.dat: CrystalStructure(Cu, a=3.6100Å, SG=225)
Max Q calculated: 24.7872 Å⁻¹
Loaded crystal structure from DataFiles/copper.dat: CrystalStructure(Cu, a=3.6100Å, SG=225)
Max Q calculated: 24.7872 Å⁻¹
Loaded crystal structure from DataFiles/copper.dat: CrystalStructure(Cu, a=3.6100Å, SG=225)
Max Q calculated: 24.7872 Å⁻¹
Loaded crystal structure from DataFiles/copper.dat: CrystalStructure(Cu, a=3.6100Å, SG=225)
Max Q calculated: 24.7872 Å⁻¹
Loaded crystal structure from DataFiles/copper.dat: CrystalStructure(Cu, a=3.6100Å, SG=225)
Max Q calculated: 24.7872 Å⁻¹
Loaded crystal structure from DataFiles/copper.dat: CrystalStructure(Cu, a=3.6100Å, SG=225)
Max Q calculated: 24.7872 Å⁻¹
Loaded crystal structure from DataFiles/copper.dat: CrystalStructure(Cu, a=3.6100Å, SG=225)
Max Q calculated: 24.7872 Å⁻¹
Loaded crystal structure from DataFiles/copper.dat: CrystalStructure(Cu, a=3.6100Å, SG=225)
Max Q calculated: 24.7872 Å⁻¹
Loaded crystal structure from DataFiles/copper.dat: CrystalStructure(Cu, a=3.6100Å, SG=225)
Max Q calculated: 24.7872 Å⁻¹
HG finished; wall 115s
saved /Users/sfli/Research/IceNine/icenine_py/benchmarks/nn_hybrid/pilot/HG_realistic_s0_raw.npz
