H3/clean_s0: 500 tasks (0 cached), 10 workers
icenine_py/icenine/experiment_setup.py:293: UserWarning: Step size file reading not yet implemented: ConfigFiles/Optimization.2Det
  self.optimization_info = self._read_step_size_file(
icenine_py/icenine/experiment_setup.py:298: UserWarning: Step size file reading not yet implemented: ConfigFiles/Sensitivity.2Det
  self.detection_sensitivity = self._read_step_size_file(
icenine_py/icenine/experiment_setup.py:303: UserWarning: Step size file reading not yet implemented: ConfigFiles/Constrain.2L
  self.optimization_constrains = self._read_step_size_file(
icenine_py/icenine/experiment_setup.py:293: UserWarning: Step size file reading not yet implemented: ConfigFiles/Optimization.2Det
  self.optimization_info = self._read_step_size_file(
icenine_py/icenine/experiment_setup.py:298: UserWarning: Step size file reading not yet implemented: ConfigFiles/Sensitivity.2Det
  self.detection_sensitivity = self._read_step_size_file(
icenine_py/icenine/experiment_setup.py:303: UserWarning: Step size file reading not yet implemented: ConfigFiles/Constrain.2L
  self.optimization_constrains = self._read_step_size_file(
icenine_py/icenine/experiment_setup.py:502: UserWarning: Gimbal lock detected. Setting third angle to zero since it is not possible to uniquely determine all angles.
  sample.rotate(
icenine_py/icenine/experiment_setup.py:502: UserWarning: Gimbal lock detected. Setting third angle to zero since it is not possible to uniquely determine all angles.
  sample.rotate(
icenine_py/icenine/experiment_setup.py:293: UserWarning: Step size file reading not yet implemented: ConfigFiles/Optimization.2Det
  self.optimization_info = self._read_step_size_file(
icenine_py/icenine/experiment_setup.py:298: UserWarning: Step size file reading not yet implemented: ConfigFiles/Sensitivity.2Det
  self.detection_sensitivity = self._read_step_size_file(
icenine_py/icenine/experiment_setup.py:303: UserWarning: Step size file reading not yet implemented: ConfigFiles/Constrain.2L
  self.optimization_constrains = self._read_step_size_file(
icenine_py/icenine/experiment_setup.py:502: UserWarning: Gimbal lock detected. Setting third angle to zero since it is not possible to uniquely determine all angles.
  sample.rotate(
icenine_py/icenine/experiment_setup.py:293: UserWarning: Step size file reading not yet implemented: ConfigFiles/Optimization.2Det
  self.optimization_info = self._read_step_size_file(
icenine_py/icenine/experiment_setup.py:293: UserWarning: Step size file reading not yet implemented: ConfigFiles/Optimization.2Det
  self.optimization_info = self._read_step_size_file(
icenine_py/icenine/experiment_setup.py:298: UserWarning: Step size file reading not yet implemented: ConfigFiles/Sensitivity.2Det
  self.detection_sensitivity = self._read_step_size_file(
icenine_py/icenine/experiment_setup.py:298: UserWarning: Step size file reading not yet implemented: ConfigFiles/Sensitivity.2Det
  self.detection_sensitivity = self._read_step_size_file(
icenine_py/icenine/experiment_setup.py:303: UserWarning: Step size file reading not yet implemented: ConfigFiles/Constrain.2L
  self.optimization_constrains = self._read_step_size_file(
icenine_py/icenine/experiment_setup.py:303: UserWarning: Step size file reading not yet implemented: ConfigFiles/Constrain.2L
  self.optimization_constrains = self._read_step_size_file(
icenine_py/icenine/experiment_setup.py:502: UserWarning: Gimbal lock detected. Setting third angle to zero since it is not possible to uniquely determine all angles.
  sample.rotate(
icenine_py/icenine/experiment_setup.py:502: UserWarning: Gimbal lock detected. Setting third angle to zero since it is not possible to uniquely determine all angles.
  sample.rotate(
icenine_py/icenine/experiment_setup.py:293: UserWarning: Step size file reading not yet implemented: ConfigFiles/Optimization.2Det
  self.optimization_info = self._read_step_size_file(
icenine_py/icenine/experiment_setup.py:293: UserWarning: Step size file reading not yet implemented: ConfigFiles/Optimization.2Det
  self.optimization_info = self._read_step_size_file(
icenine_py/icenine/experiment_setup.py:298: UserWarning: Step size file reading not yet implemented: ConfigFiles/Sensitivity.2Det
  self.detection_sensitivity = self._read_step_size_file(
icenine_py/icenine/experiment_setup.py:303: UserWarning: Step size file reading not yet implemented: ConfigFiles/Constrain.2L
  self.optimization_constrains = self._read_step_size_file(
icenine_py/icenine/experiment_setup.py:298: UserWarning: Step size file reading not yet implemented: ConfigFiles/Sensitivity.2Det
  self.detection_sensitivity = self._read_step_size_file(
icenine_py/icenine/experiment_setup.py:303: UserWarning: Step size file reading not yet implemented: ConfigFiles/Constrain.2L
  self.optimization_constrains = self._read_step_size_file(
icenine_py/icenine/experiment_setup.py:502: UserWarning: Gimbal lock detected. Setting third angle to zero since it is not possible to uniquely determine all angles.
  sample.rotate(
icenine_py/icenine/experiment_setup.py:502: UserWarning: Gimbal lock detected. Setting third angle to zero since it is not possible to uniquely determine all angles.
  sample.rotate(
icenine_py/icenine/experiment_setup.py:293: UserWarning: Step size file reading not yet implemented: ConfigFiles/Optimization.2Det
  self.optimization_info = self._read_step_size_file(
icenine_py/icenine/experiment_setup.py:298: UserWarning: Step size file reading not yet implemented: ConfigFiles/Sensitivity.2Det
  self.detection_sensitivity = self._read_step_size_file(
icenine_py/icenine/experiment_setup.py:303: UserWarning: Step size file reading not yet implemented: ConfigFiles/Constrain.2L
  self.optimization_constrains = self._read_step_size_file(
icenine_py/icenine/experiment_setup.py:502: UserWarning: Gimbal lock detected. Setting third angle to zero since it is not possible to uniquely determine all angles.
  sample.rotate(
icenine_py/icenine/experiment_setup.py:293: UserWarning: Step size file reading not yet implemented: ConfigFiles/Optimization.2Det
  self.optimization_info = self._read_step_size_file(
icenine_py/icenine/experiment_setup.py:298: UserWarning: Step size file reading not yet implemented: ConfigFiles/Sensitivity.2Det
  self.detection_sensitivity = self._read_step_size_file(
icenine_py/icenine/experiment_setup.py:303: UserWarning: Step size file reading not yet implemented: ConfigFiles/Constrain.2L
  self.optimization_constrains = self._read_step_size_file(
icenine_py/icenine/experiment_setup.py:502: UserWarning: Gimbal lock detected. Setting third angle to zero since it is not possible to uniquely determine all angles.
  sample.rotate(
icenine_py/icenine/experiment_setup.py:293: UserWarning: Step size file reading not yet implemented: ConfigFiles/Optimization.2Det
  self.optimization_info = self._read_step_size_file(
icenine_py/icenine/experiment_setup.py:298: UserWarning: Step size file reading not yet implemented: ConfigFiles/Sensitivity.2Det
  self.detection_sensitivity = self._read_step_size_file(
icenine_py/icenine/experiment_setup.py:303: UserWarning: Step size file reading not yet implemented: ConfigFiles/Constrain.2L
  self.optimization_constrains = self._read_step_size_file(
icenine_py/icenine/experiment_setup.py:502: UserWarning: Gimbal lock detected. Setting third angle to zero since it is not possible to uniquely determine all angles.
  sample.rotate(
  [H3 1/500] voxel 7336 r#9 done in 20s (23s total)
  [H3 2/500] voxel 7336 r#3 done in 39s (41s total)
  [H3 3/500] voxel 7336 r#4 done in 40s (42s total)
  [H3 4/500] voxel 7336 r#0 done in 41s (44s total)
  [H3 5/500] voxel 7336 r#2 done in 42s (45s total)
  [H3 6/500] voxel 7336 r#8 done in 42s (45s total)
  [H3 7/500] voxel 7336 r#7 done in 43s (46s total)
  [H3 8/500] voxel 7336 r#1 done in 43s (46s total)
  [H3 9/500] voxel 7336 r#6 done in 44s (47s total)
  [H3 10/500] voxel 7336 r#5 done in 44s (47s total)
  [H3 11/500] voxel 3108 r#0 done in 38s (60s total)
  [H3 12/500] voxel 3108 r#1 done in 37s (78s total)
  [H3 13/500] voxel 3108 r#2 done in 38s (81s total)
  [H3 14/500] voxel 3108 r#5 done in 37s (82s total)
  [H3 15/500] voxel 3108 r#3 done in 39s (83s total)
  [H3 16/500] voxel 3108 r#4 done in 39s (84s total)
  [H3 17/500] voxel 3108 r#7 done in 39s (85s total)
  [H3 18/500] voxel 3108 r#6 done in 40s (85s total)
  [H3 19/500] voxel 3108 r#8 done in 42s (89s total)
  [H3 20/500] voxel 3108 r#9 done in 43s (90s total)
  [H3 21/500] voxel 2910 r#0 done in 37s (97s total)
  [H3 22/500] voxel 2910 r#1 done in 39s (116s total)
  [H3 23/500] voxel 2910 r#5 done in 34s (118s total)
  [H3 24/500] voxel 2910 r#3 done in 37s (120s total)
  [H3 25/500] voxel 2910 r#7 done in 35s (121s total)
  [H3 26/500] voxel 2910 r#2 done in 40s (121s total)
  [H3 27/500] voxel 2910 r#4 done in 39s (122s total)
  [H3 28/500] voxel 2910 r#6 done in 37s (122s total)
  [H3 29/500] voxel 2910 r#8 done in 33s (123s total)
  [H3 30/500] voxel 2910 r#9 done in 39s (129s total)
  [H3 31/500] voxel 16182 r#0 done in 43s (140s total)
  [H3 32/500] voxel 16182 r#9 done in 26s (155s total)
  [H3 33/500] voxel 16182 r#1 done in 39s (155s total)
  [H3 34/500] voxel 16182 r#2 done in 42s (160s total)
  [H3 35/500] voxel 16182 r#4 done in 41s (162s total)
  [H3 36/500] voxel 16182 r#3 done in 45s (164s total)
  [H3 37/500] voxel 16182 r#7 done in 44s (166s total)
  [H3 38/500] voxel 16182 r#5 done in 45s (166s total)
  [H3 39/500] voxel 16182 r#6 done in 46s (168s total)
  [H3 40/500] voxel 16182 r#8 done in 46s (168s total)
  [H3 41/500] voxel 16269 r#0 done in 29s (169s total)
  [H3 42/500] voxel 16269 r#1 done in 28s (183s total)
  [H3 43/500] voxel 16269 r#2 done in 28s (183s total)
  [H3 44/500] voxel 16269 r#3 done in 25s (185s total)
  [H3 45/500] voxel 16269 r#4 done in 29s (191s total)
  [H3 46/500] voxel 16269 r#5 done in 27s (191s total)
  [H3 47/500] voxel 16269 r#7 done in 25s (192s total)
  [H3 48/500] voxel 16269 r#6 done in 27s (193s total)
  [H3 49/500] voxel 16269 r#9 done in 25s (193s total)
  [H3 50/500] voxel 16269 r#8 done in 28s (196s total)
  [H3 51/500] voxel 21356 r#0 done in 38s (207s total)
  [H3 52/500] voxel 21356 r#2 done in 36s (220s total)
  [H3 53/500] voxel 21356 r#1 done in 38s (221s total)
  [H3 54/500] voxel 21356 r#3 done in 39s (224s total)
  [H3 55/500] voxel 21356 r#5 done in 37s (228s total)
  [H3 56/500] voxel 21356 r#4 done in 40s (231s total)
  [H3 57/500] voxel 21356 r#8 done in 39s (232s total)
  [H3 58/500] voxel 21356 r#7 done in 39s (232s total)
  [H3 59/500] voxel 21356 r#6 done in 41s (233s total)
  [H3 60/500] voxel 21356 r#9 done in 37s (233s total)
  [H3 61/500] voxel 20406 r#0 done in 33s (240s total)
  [H3 62/500] voxel 20406 r#2 done in 31s (251s total)
  [H3 63/500] voxel 20406 r#1 done in 36s (255s total)
  [H3 64/500] voxel 20406 r#3 done in 32s (256s total)
  [H3 65/500] voxel 20406 r#4 done in 32s (260s total)
  [H3 66/500] voxel 20406 r#5 done in 32s (263s total)
  [H3 67/500] voxel 20406 r#7 done in 31s (263s total)
  [H3 68/500] voxel 20406 r#6 done in 32s (263s total)
  [H3 69/500] voxel 20406 r#8 done in 33s (265s total)
  [H3 70/500] voxel 20406 r#9 done in 32s (265s total)
  [H3 71/500] voxel 20206 r#0 done in 36s (276s total)
  [H3 72/500] voxel 20206 r#3 done in 37s (292s total)
  [H3 73/500] voxel 20206 r#2 done in 38s (293s total)
  [H3 74/500] voxel 20206 r#1 done in 44s (295s total)
  [H3 75/500] voxel 20206 r#9 done in 34s (299s total)
  [H3 76/500] voxel 20206 r#4 done in 39s (299s total)
  [H3 77/500] voxel 20206 r#7 done in 38s (302s total)
  [H3 78/500] voxel 20206 r#8 done in 38s (303s total)
  [H3 79/500] voxel 20206 r#5 done in 42s (304s total)
  [H3 80/500] voxel 20206 r#6 done in 43s (306s total)
  [H3 81/500] voxel 3142 r#0 done in 34s (310s total)
  [H3 82/500] voxel 3142 r#2 done in 32s (326s total)
  [H3 83/500] voxel 3142 r#1 done in 34s (327s total)
  [H3 84/500] voxel 3142 r#3 done in 34s (329s total)
  [H3 85/500] voxel 3142 r#5 done in 30s (329s total)
  [H3 86/500] voxel 3142 r#6 done in 31s (333s total)
  [H3 87/500] voxel 3142 r#8 done in 30s (335s total)
  [H3 88/500] voxel 3142 r#4 done in 36s (335s total)
  [H3 89/500] voxel 3142 r#7 done in 35s (338s total)
  [H3 90/500] voxel 3142 r#9 done in 34s (340s total)
  [H3 91/500] voxel 20480 r#0 done in 35s (345s total)
  [H3 92/500] voxel 20480 r#2 done in 33s (360s total)
  [H3 93/500] voxel 20480 r#1 done in 35s (361s total)
  [H3 94/500] voxel 20480 r#3 done in 34s (363s total)
  [H3 95/500] voxel 20480 r#4 done in 35s (364s total)
  [H3 96/500] voxel 20480 r#5 done in 35s (368s total)
  [H3 97/500] voxel 20480 r#7 done in 34s (369s total)
  [H3 98/500] voxel 20480 r#6 done in 35s (369s total)
  [H3 99/500] voxel 20480 r#8 done in 35s (373s total)
  [H3 100/500] voxel 20480 r#9 done in 33s (373s total)
  [H3 101/500] voxel 2177 r#0 done in 37s (381s total)
  [H3 102/500] voxel 2177 r#3 done in 33s (396s total)
  [H3 103/500] voxel 2177 r#2 done in 35s (396s total)
  [H3 104/500] voxel 2177 r#1 done in 36s (396s total)
  [H3 105/500] voxel 2177 r#4 done in 37s (401s total)
  [H3 106/500] voxel 2177 r#6 done in 34s (402s total)
  [H3 107/500] voxel 2177 r#5 done in 35s (403s total)
  [H3 108/500] voxel 2177 r#7 done in 36s (406s total)
  [H3 109/500] voxel 2177 r#8 done in 34s (407s total)
  [H3 110/500] voxel 2177 r#9 done in 36s (409s total)
  [H3 111/500] voxel 13884 r#0 done in 32s (413s total)
  [H3 112/500] voxel 13884 r#2 done in 35s (431s total)
  [H3 113/500] voxel 13884 r#1 done in 37s (433s total)
  [H3 114/500] voxel 13884 r#3 done in 37s (433s total)
  [H3 115/500] voxel 13884 r#4 done in 35s (436s total)
  [H3 116/500] voxel 13884 r#5 done in 35s (437s total)
  [H3 117/500] voxel 13884 r#7 done in 33s (438s total)
  [H3 118/500] voxel 13884 r#6 done in 37s (440s total)
  [H3 119/500] voxel 13884 r#9 done in 34s (442s total)
  [H3 120/500] voxel 13884 r#8 done in 37s (444s total)
  [H3 121/500] voxel 10531 r#0 done in 42s (455s total)
  [H3 122/500] voxel 10531 r#1 done in 45s (476s total)
  [H3 123/500] voxel 10531 r#3 done in 43s (476s total)
  [H3 124/500] voxel 10531 r#2 done in 45s (478s total)
  [H3 125/500] voxel 10531 r#5 done in 43s (480s total)
  [H3 126/500] voxel 10531 r#6 done in 42s (480s total)
  [H3 127/500] voxel 10531 r#4 done in 46s (482s total)
  [H3 128/500] voxel 10531 r#8 done in 40s (483s total)
  [H3 129/500] voxel 10531 r#7 done in 44s (485s total)
  [H3 130/500] voxel 10531 r#9 done in 42s (486s total)
  [H3 131/500] voxel 16905 r#0 done in 33s (488s total)
  [H3 132/500] voxel 16905 r#2 done in 33s (509s total)
  [H3 133/500] voxel 16905 r#1 done in 33s (509s total)
  [H3 134/500] voxel 16905 r#3 done in 33s (511s total)
  [H3 135/500] voxel 16905 r#5 done in 35s (516s total)
  [H3 136/500] voxel 16905 r#7 done in 33s (516s total)
  [H3 137/500] voxel 16905 r#9 done in 29s (516s total)
  [H3 138/500] voxel 16905 r#4 done in 36s (516s total)
  [H3 139/500] voxel 16905 r#6 done in 35s (517s total)
  [H3 140/500] voxel 16905 r#8 done in 33s (518s total)
  [H3 141/500] voxel 17451 r#0 done in 33s (521s total)
  [H3 142/500] voxel 17451 r#2 done in 37s (546s total)
  [H3 143/500] voxel 17451 r#1 done in 37s (546s total)
  [H3 144/500] voxel 17451 r#3 done in 36s (547s total)
  [H3 145/500] voxel 17451 r#6 done in 33s (549s total)
  [H3 146/500] voxel 17451 r#5 done in 35s (551s total)
  [H3 147/500] voxel 17451 r#8 done in 36s (553s total)
  [H3 148/500] voxel 17451 r#9 done in 36s (554s total)
  [H3 149/500] voxel 17451 r#7 done in 38s (554s total)
  [H3 150/500] voxel 24550 r#0 done in 35s (556s total)
  [H3 151/500] voxel 17451 r#4 done in 42s (557s total)
  [H3 152/500] voxel 24550 r#2 done in 34s (580s total)
  [H3 153/500] voxel 24550 r#3 done in 34s (580s total)
  [H3 154/500] voxel 24550 r#1 done in 34s (581s total)
  [H3 155/500] voxel 24550 r#8 done in 28s (581s total)
  [H3 156/500] voxel 24550 r#4 done in 33s (583s total)
  [H3 157/500] voxel 24550 r#5 done in 31s (583s total)
  [H3 158/500] voxel 24550 r#7 done in 31s (584s total)
  [H3 159/500] voxel 24550 r#6 done in 34s (586s total)
  [H3 160/500] voxel 24550 r#9 done in 32s (588s total)
  [H3 161/500] voxel 1053 r#0 done in 47s (605s total)
  [H3 162/500] voxel 1053 r#1 done in 45s (625s total)
  [H3 163/500] voxel 1053 r#2 done in 46s (626s total)
  [H3 164/500] voxel 1053 r#5 done in 44s (626s total)
  [H3 165/500] voxel 1053 r#9 done in 40s (628s total)
  [H3 166/500] voxel 1053 r#7 done in 45s (629s total)
  [H3 167/500] voxel 1053 r#3 done in 49s (629s total)
  [H3 168/500] voxel 1053 r#4 done in 48s (630s total)
  [H3 169/500] voxel 1053 r#6 done in 48s (630s total)
  [H3 170/500] voxel 1053 r#8 done in 45s (631s total)
  [H3 171/500] voxel 14217 r#0 done in 35s (640s total)
  [H3 172/500] voxel 14217 r#3 done in 30s (656s total)
  [H3 173/500] voxel 14217 r#2 done in 32s (658s total)
  [H3 174/500] voxel 14217 r#1 done in 33s (659s total)
  [H3 175/500] voxel 14217 r#7 done in 31s (660s total)
  [H3 176/500] voxel 14217 r#8 done in 30s (660s total)
  [H3 177/500] voxel 14217 r#4 done in 32s (660s total)
  [H3 178/500] voxel 14217 r#6 done in 31s (661s total)
  [H3 179/500] voxel 14217 r#9 done in 30s (661s total)
  [H3 180/500] voxel 14217 r#5 done in 32s (662s total)
  [H3 181/500] voxel 18541 r#0 done in 33s (673s total)
  [H3 182/500] voxel 18541 r#2 done in 29s (688s total)
  [H3 183/500] voxel 18541 r#1 done in 32s (689s total)
  [H3 184/500] voxel 18541 r#9 done in 29s (690s total)
  [H3 185/500] voxel 18541 r#8 done in 30s (691s total)
  [H3 186/500] voxel 18541 r#3 done in 34s (692s total)
  [H3 187/500] voxel 18541 r#6 done in 32s (693s total)
  [H3 188/500] voxel 18541 r#7 done in 33s (694s total)
  [H3 189/500] voxel 18541 r#5 done in 34s (694s total)
  [H3 190/500] voxel 18541 r#4 done in 34s (694s total)
  [H3 191/500] voxel 3866 r#0 done in 36s (709s total)
  [H3 192/500] voxel 3866 r#2 done in 32s (721s total)
  [H3 193/500] voxel 3866 r#1 done in 37s (725s total)
  [H3 194/500] voxel 3866 r#3 done in 34s (725s total)
  [H3 195/500] voxel 3866 r#4 done in 34s (725s total)
  [H3 196/500] voxel 3866 r#9 done in 32s (726s total)
  [H3 197/500] voxel 3866 r#5 done in 35s (728s total)
  [H3 198/500] voxel 3866 r#8 done in 35s (729s total)
  [H3 199/500] voxel 3866 r#7 done in 35s (729s total)
  [H3 200/500] voxel 3866 r#6 done in 37s (730s total)
  [H3 201/500] voxel 2489 r#0 done in 46s (756s total)
  [H3 202/500] voxel 2489 r#1 done in 35s (756s total)
  [H3 203/500] voxel 2489 r#4 done in 37s (762s total)
  [H3 204/500] voxel 2489 r#6 done in 36s (763s total)
  [H3 205/500] voxel 2489 r#9 done in 35s (765s total)
  [H3 206/500] voxel 2489 r#3 done in 40s (765s total)
  [H3 207/500] voxel 2489 r#2 done in 42s (767s total)
  [H3 208/500] voxel 2489 r#5 done in 43s (769s total)
  [H3 209/500] voxel 2489 r#8 done in 40s (769s total)
  [H3 210/500] voxel 2489 r#7 done in 41s (770s total)
  [H3 211/500] voxel 9484 r#1 done in 36s (792s total)
  [H3 212/500] voxel 9484 r#0 done in 39s (795s total)
  [H3 213/500] voxel 9484 r#2 done in 34s (797s total)
  [H3 214/500] voxel 9484 r#3 done in 37s (801s total)
  [H3 215/500] voxel 9484 r#4 done in 37s (802s total)
  [H3 216/500] voxel 9484 r#6 done in 36s (803s total)
  [H3 217/500] voxel 9484 r#5 done in 39s (804s total)
  [H3 218/500] voxel 9484 r#7 done in 36s (805s total)
  [H3 219/500] voxel 9484 r#9 done in 37s (806s total)
  [H3 220/500] voxel 9484 r#8 done in 38s (808s total)
  [H3 221/500] voxel 7109 r#0 done in 41s (833s total)
  [H3 222/500] voxel 7109 r#1 done in 42s (837s total)
  [H3 223/500] voxel 7109 r#2 done in 42s (838s total)
  [H3 224/500] voxel 7109 r#3 done in 40s (840s total)
  [H3 225/500] voxel 7109 r#4 done in 39s (841s total)
  [H3 226/500] voxel 7109 r#5 done in 40s (843s total)
  [H3 227/500] voxel 7109 r#6 done in 39s (843s total)
  [H3 228/500] voxel 7109 r#9 done in 38s (845s total)
  [H3 229/500] voxel 7109 r#7 done in 43s (848s total)
  [H3 230/500] voxel 7109 r#8 done in 43s (850s total)
  [H3 231/500] voxel 970 r#0 done in 37s (870s total)
  [H3 232/500] voxel 970 r#2 done in 35s (873s total)
  [H3 233/500] voxel 970 r#1 done in 39s (876s total)
  [H3 234/500] voxel 970 r#5 done in 34s (877s total)
  [H3 235/500] voxel 970 r#4 done in 38s (879s total)
  [H3 236/500] voxel 970 r#3 done in 39s (879s total)
  [H3 237/500] voxel 970 r#6 done in 37s (881s total)
  [H3 238/500] voxel 970 r#7 done in 39s (884s total)
  [H3 239/500] voxel 970 r#9 done in 36s (885s total)
  [H3 240/500] voxel 970 r#8 done in 39s (887s total)
  [H3 241/500] voxel 19705 r#0 done in 28s (898s total)
  [H3 242/500] voxel 19705 r#1 done in 35s (908s total)
  [H3 243/500] voxel 19705 r#2 done in 34s (910s total)
  [H3 244/500] voxel 19705 r#3 done in 35s (912s total)
  [H3 245/500] voxel 19705 r#5 done in 35s (914s total)
  [H3 246/500] voxel 19705 r#6 done in 34s (914s total)
  [H3 247/500] voxel 19705 r#4 done in 36s (915s total)
  [H3 248/500] voxel 19705 r#9 done in 27s (915s total)
  [H3 249/500] voxel 19705 r#7 done in 32s (916s total)
  [H3 250/500] voxel 19705 r#8 done in 31s (916s total)
  [H3 251/500] voxel 9001 r#0 done in 37s (936s total)
  [H3 252/500] voxel 9001 r#2 done in 38s (948s total)
  [H3 253/500] voxel 9001 r#3 done in 37s (949s total)
  [H3 254/500] voxel 9001 r#1 done in 41s (949s total)
  [H3 255/500] voxel 9001 r#4 done in 37s (950s total)
  [H3 256/500] voxel 9001 r#9 done in 35s (951s total)
  [H3 257/500] voxel 9001 r#6 done in 37s (951s total)
  [H3 258/500] voxel 9001 r#7 done in 38s (953s total)
  [H3 259/500] voxel 9001 r#5 done in 38s (953s total)
  [H3 260/500] voxel 9001 r#8 done in 37s (953s total)
  [H3 261/500] voxel 13074 r#0 done in 38s (974s total)
  [H3 262/500] voxel 13074 r#1 done in 38s (986s total)
  [H3 263/500] voxel 13074 r#2 done in 39s (987s total)
  [H3 264/500] voxel 13074 r#5 done in 37s (988s total)
  [H3 265/500] voxel 13074 r#3 done in 39s (988s total)
  [H3 266/500] voxel 13074 r#9 done in 37s (990s total)
  [H3 267/500] voxel 13074 r#4 done in 40s (990s total)
  [H3 268/500] voxel 13074 r#6 done in 39s (990s total)
  [H3 269/500] voxel 13074 r#8 done in 38s (991s total)
  [H3 270/500] voxel 13074 r#7 done in 40s (992s total)
  [H3 271/500] voxel 12213 r#0 done in 44s (1018s total)
  [H3 272/500] voxel 12213 r#6 done in 37s (1027s total)
  [H3 273/500] voxel 12213 r#4 done in 39s (1027s total)
  [H3 274/500] voxel 12213 r#2 done in 41s (1028s total)
  [H3 275/500] voxel 12213 r#3 done in 42s (1030s total)
  [H3 276/500] voxel 12213 r#1 done in 45s (1031s total)
  [H3 277/500] voxel 12213 r#8 done in 41s (1032s total)
  [H3 278/500] voxel 12213 r#5 done in 42s (1032s total)
  [H3 279/500] voxel 12213 r#9 done in 41s (1033s total)
  [H3 280/500] voxel 12213 r#7 done in 43s (1034s total)
  [H3 281/500] voxel 14240 r#0 done in 38s (1056s total)
  [H3 282/500] voxel 14240 r#1 done in 37s (1064s total)
  [H3 283/500] voxel 14240 r#2 done in 37s (1065s total)
  [H3 284/500] voxel 14240 r#3 done in 38s (1066s total)
  [H3 285/500] voxel 14240 r#8 done in 34s (1067s total)
  [H3 286/500] voxel 14240 r#4 done in 38s (1068s total)
  [H3 287/500] voxel 14240 r#5 done in 38s (1069s total)
  [H3 288/500] voxel 14240 r#9 done in 36s (1070s total)
  [H3 289/500] voxel 14240 r#7 done in 38s (1070s total)
  [H3 290/500] voxel 14240 r#6 done in 38s (1070s total)
  [H3 291/500] voxel 121 r#0 done in 41s (1096s total)
  [H3 292/500] voxel 121 r#2 done in 40s (1105s total)
  [H3 293/500] voxel 121 r#1 done in 42s (1106s total)
  [H3 294/500] voxel 121 r#4 done in 40s (1107s total)
  [H3 295/500] voxel 121 r#3 done in 42s (1108s total)
  [H3 296/500] voxel 121 r#8 done in 40s (1110s total)
  [H3 297/500] voxel 121 r#6 done in 42s (1111s total)
  [H3 298/500] voxel 121 r#5 done in 44s (1112s total)
  [H3 299/500] voxel 121 r#7 done in 42s (1112s total)
  [H3 300/500] voxel 121 r#9 done in 43s (1113s total)
  [H3 301/500] voxel 13850 r#0 done in 38s (1134s total)
  [H3 302/500] voxel 13850 r#1 done in 32s (1137s total)
  [H3 303/500] voxel 13850 r#3 done in 32s (1139s total)
  [H3 304/500] voxel 13850 r#2 done in 34s (1140s total)
  [H3 305/500] voxel 13850 r#5 done in 33s (1143s total)
  [H3 306/500] voxel 13850 r#7 done in 32s (1144s total)
  [H3 307/500] voxel 13850 r#4 done in 37s (1144s total)
  [H3 308/500] voxel 13850 r#6 done in 35s (1147s total)
  [H3 309/500] voxel 13850 r#9 done in 34s (1147s total)
  [H3 310/500] voxel 13850 r#8 done in 36s (1148s total)
  [H3 311/500] voxel 2347 r#1 done in 31s (1168s total)
  [H3 312/500] voxel 2347 r#0 done in 35s (1169s total)
  [H3 313/500] voxel 2347 r#3 done in 29s (1169s total)
  [H3 314/500] voxel 2347 r#2 done in 32s (1172s total)
  [H3 315/500] voxel 2347 r#5 done in 30s (1174s total)
  [H3 316/500] voxel 2347 r#6 done in 31s (1175s total)
  [H3 317/500] voxel 2347 r#4 done in 33s (1177s total)
  [H3 318/500] voxel 2347 r#9 done in 31s (1179s total)
  [H3 319/500] voxel 2347 r#7 done in 35s (1182s total)
  [H3 320/500] voxel 2347 r#8 done in 34s (1182s total)
  [H3 321/500] voxel 9150 r#0 done in 28s (1195s total)
  [H3 322/500] voxel 9150 r#1 done in 29s (1198s total)
  [H3 323/500] voxel 9150 r#2 done in 30s (1199s total)
  [H3 324/500] voxel 9150 r#3 done in 29s (1200s total)
  [H3 325/500] voxel 9150 r#5 done in 26s (1201s total)
  [H3 326/500] voxel 9150 r#9 done in 20s (1202s total)
  [H3 327/500] voxel 9150 r#4 done in 28s (1202s total)
  [H3 328/500] voxel 9150 r#6 done in 28s (1205s total)
  [H3 329/500] voxel 9150 r#7 done in 30s (1209s total)
  [H3 330/500] voxel 9150 r#8 done in 31s (1213s total)
  [H3 331/500] voxel 5384 r#0 done in 35s (1231s total)
  [H3 332/500] voxel 5384 r#1 done in 35s (1233s total)
  [H3 333/500] voxel 5384 r#2 done in 34s (1233s total)
  [H3 334/500] voxel 5384 r#4 done in 33s (1234s total)
  [H3 335/500] voxel 5384 r#3 done in 34s (1235s total)
  [H3 336/500] voxel 5384 r#5 done in 35s (1238s total)
  [H3 337/500] voxel 5384 r#7 done in 34s (1238s total)
  [H3 338/500] voxel 5384 r#6 done in 36s (1238s total)
  [H3 339/500] voxel 5384 r#8 done in 32s (1241s total)
  [H3 340/500] voxel 5384 r#9 done in 34s (1247s total)
  [H3 341/500] voxel 19089 r#6 done in 32s (1270s total)
  [H3 342/500] voxel 19089 r#5 done in 33s (1270s total)
  [H3 343/500] voxel 19089 r#2 done in 38s (1271s total)
  [H3 344/500] voxel 19089 r#0 done in 41s (1272s total)
  [H3 345/500] voxel 19089 r#4 done in 38s (1272s total)
  [H3 346/500] voxel 19089 r#1 done in 39s (1272s total)
  [H3 347/500] voxel 19089 r#3 done in 41s (1275s total)
  [H3 348/500] voxel 19089 r#7 done in 40s (1279s total)
  [H3 349/500] voxel 19089 r#8 done in 40s (1281s total)
  [H3 350/500] voxel 19089 r#9 done in 40s (1287s total)
  [H3 351/500] voxel 21741 r#1 done in 39s (1309s total)
  [H3 352/500] voxel 21741 r#3 done in 37s (1309s total)
  [H3 353/500] voxel 21741 r#4 done in 37s (1309s total)
  [H3 354/500] voxel 21741 r#0 done in 40s (1309s total)
  [H3 355/500] voxel 21741 r#2 done in 40s (1311s total)
  [H3 356/500] voxel 21741 r#5 done in 41s (1314s total)
  [H3 357/500] voxel 21741 r#6 done in 39s (1314s total)
  [H3 358/500] voxel 21741 r#7 done in 38s (1317s total)
  [H3 359/500] voxel 21741 r#8 done in 40s (1321s total)
  [H3 360/500] voxel 21741 r#9 done in 42s (1329s total)
  [H3 361/500] voxel 7723 r#0 done in 39s (1348s total)
  [H3 362/500] voxel 7723 r#2 done in 40s (1349s total)
  [H3 363/500] voxel 7723 r#3 done in 40s (1350s total)
  [H3 364/500] voxel 7723 r#1 done in 41s (1350s total)
  [H3 365/500] voxel 7723 r#4 done in 40s (1351s total)
  [H3 366/500] voxel 7723 r#5 done in 38s (1351s total)
  [H3 367/500] voxel 7723 r#6 done in 41s (1355s total)
  [H3 368/500] voxel 7723 r#7 done in 39s (1356s total)
  [H3 369/500] voxel 7723 r#8 done in 40s (1361s total)
  [H3 370/500] voxel 7723 r#9 done in 41s (1370s total)
  [H3 371/500] voxel 9421 r#0 done in 38s (1386s total)
  [H3 372/500] voxel 9421 r#1 done in 37s (1386s total)
  [H3 373/500] voxel 9421 r#3 done in 38s (1388s total)
  [H3 374/500] voxel 9421 r#2 done in 39s (1389s total)
  [H3 375/500] voxel 9421 r#5 done in 38s (1389s total)
  [H3 376/500] voxel 9421 r#4 done in 40s (1391s total)
  [H3 377/500] voxel 9421 r#7 done in 37s (1392s total)
  [H3 378/500] voxel 9421 r#6 done in 38s (1393s total)
  [H3 379/500] voxel 9421 r#8 done in 38s (1399s total)
  [H3 380/500] voxel 9421 r#9 done in 36s (1406s total)
  [H3 381/500] voxel 24474 r#4 done in 31s (1420s total)
  [H3 382/500] voxel 24474 r#2 done in 32s (1421s total)
  [H3 383/500] voxel 24474 r#1 done in 35s (1422s total)
  [H3 384/500] voxel 24474 r#0 done in 36s (1422s total)
  [H3 385/500] voxel 24474 r#3 done in 35s (1423s total)
  [H3 386/500] voxel 24474 r#5 done in 35s (1425s total)
  [H3 387/500] voxel 24474 r#7 done in 33s (1426s total)
  [H3 388/500] voxel 24474 r#6 done in 35s (1427s total)
  [H3 389/500] voxel 24474 r#8 done in 33s (1432s total)
  [H3 390/500] voxel 24474 r#9 done in 35s (1440s total)
  [H3 391/500] voxel 8383 r#1 done in 31s (1451s total)
  [H3 392/500] voxel 8383 r#0 done in 32s (1452s total)
  [H3 393/500] voxel 8383 r#3 done in 30s (1452s total)
  [H3 394/500] voxel 8383 r#4 done in 30s (1453s total)
  [H3 395/500] voxel 8383 r#5 done in 30s (1455s total)
  [H3 396/500] voxel 8383 r#2 done in 35s (1456s total)
  [H3 397/500] voxel 8383 r#7 done in 30s (1457s total)
  [H3 398/500] voxel 8383 r#6 done in 33s (1460s total)
  [H3 399/500] voxel 8383 r#8 done in 33s (1465s total)
  [H3 400/500] voxel 8383 r#9 done in 30s (1470s total)
  [H3 401/500] voxel 12695 r#0 done in 42s (1493s total)
  [H3 402/500] voxel 12695 r#1 done in 44s (1496s total)
  [H3 403/500] voxel 12695 r#3 done in 44s (1498s total)
  [H3 404/500] voxel 12695 r#5 done in 42s (1498s total)
  [H3 405/500] voxel 12695 r#4 done in 43s (1499s total)
  [H3 406/500] voxel 12695 r#2 done in 47s (1499s total)
  [H3 407/500] voxel 12695 r#6 done in 42s (1500s total)
  [H3 408/500] voxel 12695 r#7 done in 47s (1507s total)
  [H3 409/500] voxel 12695 r#8 done in 42s (1507s total)
  [H3 410/500] voxel 12695 r#9 done in 45s (1515s total)
  [H3 411/500] voxel 11143 r#0 done in 37s (1530s total)
  [H3 412/500] voxel 11143 r#1 done in 35s (1531s total)
  [H3 413/500] voxel 11143 r#3 done in 37s (1535s total)
  [H3 414/500] voxel 11143 r#2 done in 38s (1536s total)
  [H3 415/500] voxel 11143 r#4 done in 37s (1536s total)
  [H3 416/500] voxel 11143 r#5 done in 37s (1536s total)
  [H3 417/500] voxel 11143 r#6 done in 38s (1538s total)
  [H3 418/500] voxel 11143 r#8 done in 37s (1544s total)
  [H3 419/500] voxel 11143 r#7 done in 38s (1545s total)
  [H3 420/500] voxel 11143 r#9 done in 40s (1555s total)
  [H3 421/500] voxel 17771 r#0 done in 39s (1569s total)
  [H3 422/500] voxel 17771 r#1 done in 38s (1569s total)
  [H3 423/500] voxel 17771 r#4 done in 36s (1572s total)
  [H3 424/500] voxel 17771 r#2 done in 38s (1573s total)
  [H3 425/500] voxel 17771 r#5 done in 37s (1574s total)
  [H3 426/500] voxel 17771 r#6 done in 37s (1575s total)
  [H3 427/500] voxel 17771 r#3 done in 40s (1575s total)
  [H3 428/500] voxel 17771 r#8 done in 38s (1583s total)
  [H3 429/500] voxel 17771 r#7 done in 40s (1585s total)
  [H3 430/500] voxel 17771 r#9 done in 39s (1594s total)
  [H3 431/500] voxel 2943 r#0 done in 35s (1604s total)
  [H3 432/500] voxel 2943 r#1 done in 35s (1604s total)
  [H3 433/500] voxel 2943 r#4 done in 34s (1608s total)
  [H3 434/500] voxel 2943 r#2 done in 36s (1608s total)
  [H3 435/500] voxel 2943 r#3 done in 36s (1609s total)
  [H3 436/500] voxel 2943 r#6 done in 34s (1609s total)
  [H3 437/500] voxel 2943 r#5 done in 35s (1610s total)
  [H3 438/500] voxel 2943 r#8 done in 32s (1617s total)
  [H3 439/500] voxel 2943 r#7 done in 34s (1617s total)
  [H3 440/500] voxel 2943 r#9 done in 34s (1628s total)
  [H3 441/500] voxel 8787 r#1 done in 29s (1633s total)
  [H3 442/500] voxel 8787 r#0 done in 29s (1634s total)
  [H3 443/500] voxel 8787 r#2 done in 29s (1637s total)
  [H3 444/500] voxel 8787 r#3 done in 29s (1637s total)
  [H3 445/500] voxel 8787 r#6 done in 29s (1639s total)
  [H3 446/500] voxel 8787 r#5 done in 31s (1639s total)
  [H3 447/500] voxel 8787 r#4 done in 31s (1640s total)
  [H3 448/500] voxel 8787 r#8 done in 29s (1646s total)
  [H3 449/500] voxel 8787 r#7 done in 30s (1646s total)
  [H3 450/500] voxel 8787 r#9 done in 28s (1656s total)
  [H3 451/500] voxel 3424 r#0 done in 34s (1667s total)
  [H3 452/500] voxel 3424 r#1 done in 35s (1669s total)
  [H3 453/500] voxel 3424 r#2 done in 36s (1673s total)
  [H3 454/500] voxel 3424 r#3 done in 37s (1674s total)
  [H3 455/500] voxel 3424 r#4 done in 35s (1674s total)
  [H3 456/500] voxel 3424 r#5 done in 38s (1678s total)
  [H3 457/500] voxel 3424 r#6 done in 39s (1678s total)
  [H3 458/500] voxel 3424 r#7 done in 33s (1679s total)
  [H3 459/500] voxel 3424 r#8 done in 38s (1684s total)
  [H3 460/500] voxel 3424 r#9 done in 38s (1694s total)
  [H3 461/500] voxel 14578 r#0 done in 33s (1701s total)
  [H3 462/500] voxel 14578 r#1 done in 33s (1702s total)
  [H3 463/500] voxel 14578 r#2 done in 34s (1707s total)
  [H3 464/500] voxel 14578 r#7 done in 29s (1708s total)
  [H3 465/500] voxel 14578 r#4 done in 34s (1708s total)
  [H3 466/500] voxel 14578 r#3 done in 35s (1708s total)
  [H3 467/500] voxel 14578 r#6 done in 32s (1710s total)
  [H3 468/500] voxel 14578 r#5 done in 33s (1711s total)
  [H3 469/500] voxel 14578 r#8 done in 33s (1717s total)
  [H3 470/500] voxel 14578 r#9 done in 31s (1725s total)
  [H3 471/500] voxel 21750 r#0 done in 35s (1735s total)
  [H3 472/500] voxel 21750 r#5 done in 31s (1740s total)
  [H3 473/500] voxel 21750 r#1 done in 38s (1740s total)
  [H3 474/500] voxel 21750 r#3 done in 32s (1740s total)
  [H3 475/500] voxel 21750 r#2 done in 36s (1742s total)
  [H3 476/500] voxel 21750 r#4 done in 35s (1743s total)
  [H3 477/500] voxel 21750 r#6 done in 34s (1744s total)
  [H3 478/500] voxel 21750 r#7 done in 36s (1747s total)
  [H3 479/500] voxel 21750 r#8 done in 36s (1753s total)
  [H3 480/500] voxel 21750 r#9 done in 33s (1757s total)
  [H3 481/500] voxel 19118 r#0 done in 36s (1771s total)
  [H3 482/500] voxel 19118 r#2 done in 33s (1773s total)
  [H3 483/500] voxel 19118 r#3 done in 35s (1775s total)
  [H3 484/500] voxel 19118 r#1 done in 37s (1777s total)
  [H3 485/500] voxel 19118 r#5 done in 37s (1779s total)
  [H3 486/500] voxel 19118 r#4 done in 37s (1780s total)
  [H3 487/500] voxel 19118 r#7 done in 35s (1782s total)
  [H3 488/500] voxel 19118 r#6 done in 38s (1782s total)
  [H3 489/500] voxel 19118 r#8 done in 38s (1791s total)
  [H3 490/500] voxel 19118 r#9 done in 37s (1794s total)
  [H3 491/500] voxel 11774 r#0 done in 34s (1805s total)
  [H3 492/500] voxel 11774 r#1 done in 32s (1805s total)
  [H3 493/500] voxel 11774 r#2 done in 33s (1808s total)
  [H3 494/500] voxel 11774 r#4 done in 30s (1810s total)
  [H3 495/500] voxel 11774 r#3 done in 33s (1810s total)
  [H3 496/500] voxel 11774 r#5 done in 31s (1811s total)
  [H3 497/500] voxel 11774 r#7 done in 31s (1813s total)
  [H3 498/500] voxel 11774 r#6 done in 32s (1814s total)
  [H3 499/500] voxel 11774 r#8 done in 28s (1819s total)
  [H3 500/500] voxel 11774 r#9 done in 29s (1823s total)
Loaded crystal structure from DataFiles/copper.dat: CrystalStructure(Cu, a=3.6100Å, SG=225)
Max Q calculated: 24.7872 Å⁻¹
Loaded crystal structure from DataFiles/copper.dat: CrystalStructure(Cu, a=3.6100Å, SG=225)
Max Q calculated: 24.7872 Å⁻¹
Loaded crystal structure from DataFiles/copper.dat: CrystalStructure(Cu, a=3.6100Å, SG=225)
Max Q calculated: 24.7872 Å⁻¹
Loaded crystal structure from DataFiles/copper.dat: CrystalStructure(Cu, a=3.6100Å, SG=225)
Max Q calculated: 24.7872 Å⁻¹
Loaded crystal structure from DataFiles/copper.dat: CrystalStructure(Cu, a=3.6100Å, SG=225)
Max Q calculated: 24.7872 Å⁻¹
Loaded crystal structure from DataFiles/copper.dat: CrystalStructure(Cu, a=3.6100Å, SG=225)
Max Q calculated: 24.7872 Å⁻¹
Loaded crystal structure from DataFiles/copper.dat: CrystalStructure(Cu, a=3.6100Å, SG=225)
Max Q calculated: 24.7872 Å⁻¹
Loaded crystal structure from DataFiles/copper.dat: CrystalStructure(Cu, a=3.6100Å, SG=225)
Max Q calculated: 24.7872 Å⁻¹
Loaded crystal structure from DataFiles/copper.dat: CrystalStructure(Cu, a=3.6100Å, SG=225)
Max Q calculated: 24.7872 Å⁻¹
Loaded crystal structure from DataFiles/copper.dat: CrystalStructure(Cu, a=3.6100Å, SG=225)
Max Q calculated: 24.7872 Å⁻¹
H3 finished; wall 1823s
saved icenine_py/benchmarks/nn_hybrid/H3_clean_s0_clean_raw.npz
